Archive member included to satisfy reference by file (symbol)

c:/progra~2/gnuarm~1/102021~1.10/bin/../lib/gcc/arm-none-eabi/10.3.1/thumb/v6-m/nofp\libgcc.a(_dvmd_tls.o)
                              CMakeFiles/main.dir/C_/Users/Yogaratchagan/backup/projects/pico/pico-sdk/src/rp2_common/pico_divider/divider_hardware.S.obj (__aeabi_idiv0)
c:/progra~2/gnuarm~1/102021~1.10/bin/../lib/gcc/arm-none-eabi/10.3.1/../../../../arm-none-eabi/lib/thumb/v6-m/nofp\libg.a(lib_a-calloc.o)
                              CMakeFiles/main.dir/C_/Users/Yogaratchagan/backup/projects/pico/pico-sdk/src/rp2_common/pico_malloc/malloc.c.obj (calloc)
c:/progra~2/gnuarm~1/102021~1.10/bin/../lib/gcc/arm-none-eabi/10.3.1/../../../../arm-none-eabi/lib/thumb/v6-m/nofp\libg.a(lib_a-callocr.o)
                              c:/progra~2/gnuarm~1/102021~1.10/bin/../lib/gcc/arm-none-eabi/10.3.1/../../../../arm-none-eabi/lib/thumb/v6-m/nofp\libg.a(lib_a-calloc.o) (_calloc_r)
c:/progra~2/gnuarm~1/102021~1.10/bin/../lib/gcc/arm-none-eabi/10.3.1/../../../../arm-none-eabi/lib/thumb/v6-m/nofp\libg.a(lib_a-errno.o)
                              c:/progra~2/gnuarm~1/102021~1.10/bin/../lib/gcc/arm-none-eabi/10.3.1/../../../../arm-none-eabi/lib/thumb/v6-m/nofp\libg.a(lib_a-callocr.o) (__errno)
c:/progra~2/gnuarm~1/102021~1.10/bin/../lib/gcc/arm-none-eabi/10.3.1/../../../../arm-none-eabi/lib/thumb/v6-m/nofp\libg.a(lib_a-impure.o)
                              c:/progra~2/gnuarm~1/102021~1.10/bin/../lib/gcc/arm-none-eabi/10.3.1/../../../../arm-none-eabi/lib/thumb/v6-m/nofp\libg.a(lib_a-calloc.o) (_impure_ptr)
c:/progra~2/gnuarm~1/102021~1.10/bin/../lib/gcc/arm-none-eabi/10.3.1/../../../../arm-none-eabi/lib/thumb/v6-m/nofp\libg.a(lib_a-init.o)
                              c:/progra~2/gnuarm~1/102021~1.10/bin/../lib/gcc/arm-none-eabi/10.3.1/../../../../arm-none-eabi/lib/thumb/v6-m/nofp/crt0.o (__libc_init_array)
c:/progra~2/gnuarm~1/102021~1.10/bin/../lib/gcc/arm-none-eabi/10.3.1/../../../../arm-none-eabi/lib/thumb/v6-m/nofp\libg.a(lib_a-lcltime_r.o)
                              CMakeFiles/main.dir/C_/Users/Yogaratchagan/backup/projects/pico/pico-sdk/src/common/pico_util/datetime.c.obj (localtime_r)
c:/progra~2/gnuarm~1/102021~1.10/bin/../lib/gcc/arm-none-eabi/10.3.1/../../../../arm-none-eabi/lib/thumb/v6-m/nofp\libg.a(lib_a-malloc.o)
                              CMakeFiles/main.dir/C_/Users/Yogaratchagan/backup/projects/pico/pico-sdk/src/rp2_common/pico_malloc/malloc.c.obj (malloc)
c:/progra~2/gnuarm~1/102021~1.10/bin/../lib/gcc/arm-none-eabi/10.3.1/../../../../arm-none-eabi/lib/thumb/v6-m/nofp\libg.a(lib_a-mallocr.o)
                              c:/progra~2/gnuarm~1/102021~1.10/bin/../lib/gcc/arm-none-eabi/10.3.1/../../../../arm-none-eabi/lib/thumb/v6-m/nofp\libg.a(lib_a-callocr.o) (_malloc_r)
c:/progra~2/gnuarm~1/102021~1.10/bin/../lib/gcc/arm-none-eabi/10.3.1/../../../../arm-none-eabi/lib/thumb/v6-m/nofp\libg.a(lib_a-memcmp.o)
                              CMakeFiles/main.dir/C_/Users/Yogaratchagan/backup/projects/pico/pico-sdk/src/rp2_common/pico_atomic/atomic.c.obj (memcmp)
c:/progra~2/gnuarm~1/102021~1.10/bin/../lib/gcc/arm-none-eabi/10.3.1/../../../../arm-none-eabi/lib/thumb/v6-m/nofp\libg.a(lib_a-mktime.o)
                              CMakeFiles/main.dir/C_/Users/Yogaratchagan/backup/projects/pico/pico-sdk/src/common/pico_util/datetime.c.obj (mktime)
c:/progra~2/gnuarm~1/102021~1.10/bin/../lib/gcc/arm-none-eabi/10.3.1/../../../../arm-none-eabi/lib/thumb/v6-m/nofp\libg.a(lib_a-mlock.o)
                              c:/progra~2/gnuarm~1/102021~1.10/bin/../lib/gcc/arm-none-eabi/10.3.1/../../../../arm-none-eabi/lib/thumb/v6-m/nofp\libg.a(lib_a-mallocr.o) (__malloc_lock)
c:/progra~2/gnuarm~1/102021~1.10/bin/../lib/gcc/arm-none-eabi/10.3.1/../../../../arm-none-eabi/lib/thumb/v6-m/nofp\libg.a(lib_a-month_lengths.o)
                              c:/progra~2/gnuarm~1/102021~1.10/bin/../lib/gcc/arm-none-eabi/10.3.1/../../../../arm-none-eabi/lib/thumb/v6-m/nofp\libg.a(lib_a-lcltime_r.o) (__month_lengths)
c:/progra~2/gnuarm~1/102021~1.10/bin/../lib/gcc/arm-none-eabi/10.3.1/../../../../arm-none-eabi/lib/thumb/v6-m/nofp\libg.a(lib_a-realloc.o)
                              CMakeFiles/main.dir/C_/Users/Yogaratchagan/backup/projects/pico/pico-sdk/src/rp2_common/pico_malloc/malloc.c.obj (realloc)
c:/progra~2/gnuarm~1/102021~1.10/bin/../lib/gcc/arm-none-eabi/10.3.1/../../../../arm-none-eabi/lib/thumb/v6-m/nofp\libg.a(lib_a-reallocr.o)
                              c:/progra~2/gnuarm~1/102021~1.10/bin/../lib/gcc/arm-none-eabi/10.3.1/../../../../arm-none-eabi/lib/thumb/v6-m/nofp\libg.a(lib_a-realloc.o) (_realloc_r)
c:/progra~2/gnuarm~1/102021~1.10/bin/../lib/gcc/arm-none-eabi/10.3.1/../../../../arm-none-eabi/lib/thumb/v6-m/nofp\libg.a(lib_a-sbrkr.o)
                              c:/progra~2/gnuarm~1/102021~1.10/bin/../lib/gcc/arm-none-eabi/10.3.1/../../../../arm-none-eabi/lib/thumb/v6-m/nofp\libg.a(lib_a-mallocr.o) (_sbrk_r)
[...]
Memory Configuration

Name             Origin             Length             Attributes
FLASH            0x10000000         0x00200000         xr
RAM              0x20000000         0x00040000         xrw
SCRATCH_X        0x20040000         0x00001000         xrw
SCRATCH_Y        0x20041000         0x00001000         xrw
*default*        0x00000000         0xffffffff

Linker script and memory map

LOAD c:/progra~2/gnuarm~1/102021~1.10/bin/../lib/gcc/arm-none-eabi/10.3.1/thumb/v6-m/nofp/crti.o
LOAD c:/progra~2/gnuarm~1/102021~1.10/bin/../lib/gcc/arm-none-eabi/10.3.1/thumb/v6-m/nofp/crtbegin.o
LOAD c:/progra~2/gnuarm~1/102021~1.10/bin/../lib/gcc/arm-none-eabi/10.3.1/../../../../arm-none-eabi/lib/thumb/v6-m/nofp/crt0.o

.flash_begin    0x10000000        0x0
                0x10000000                __flash_binary_start = .

.boot2          0x10000000      0x100
                0x10000000                __boot2_start__ = .
 *(.boot2)
 .boot2         0x10000000      0x100 pico-sdk\src\rp2040\boot_stage2\CMakeFiles\bs2_default_library.dir\bs2_default_padded_checksummed.S.obj
                0x10000100                __boot2_end__ = .
                0x00000001                ASSERT (((__boot2_end__ - __boot2_start__) == 0x100), ERROR: Pico second stage bootloader must be 256 bytes in size)

.text           0x10000100     0x62ec
                0x10000100                __logical_binary_start = .
 *(.vectors)
 .vectors       0x10000100       0xd4 CMakeFiles/main.dir/C_/Users/Yogaratchagan/backup/projects/pico/pico-sdk/src/rp2_common/pico_crt0/crt0.S.obj
                0x10000100                __VECTOR_TABLE
                0x10000100                __vectors
                0x100001c0                isr_irq13
                0x100001c0                isr_irq27
                0x100001c0                isr_irq31
                0x100001c0                isr_irq12
                0x100001c0                isr_irq5
                0x100001c0                isr_irq11
                0x100001c0                isr_irq3
                0x100001c0                isr_irq23
                0x100001c0                __unhandled_user_irq
                0x100001c0                isr_irq26
                0x100001c0                isr_irq28
                0x100001c0                isr_irq19
                0x100001c0                isr_irq0
                0x100001c0                isr_irq6
                0x100001c0                isr_irq29
                0x100001c0                isr_irq16
                0x100001c0                isr_irq22
                0x100001c0                isr_irq18
                0x100001c0                isr_irq17
                0x100001c0                isr_irq14
                0x100001c0                __vectors_end
                0x100001c0                __default_isrs_start
                0x100001c0                isr_irq2
                0x100001c0                isr_irq10
                0x100001c0                isr_irq8
                0x100001c0                isr_irq24
                0x100001c0                isr_irq1
                0x100001c0                isr_irq7
                0x100001c0                isr_irq21
                0x100001c0                isr_irq20
                0x100001c0                isr_irq15
                0x100001c0                isr_irq25
                0x100001c0                isr_irq4
                0x100001c0                isr_irq30
                0x100001c0                isr_irq9
                0x100001c6                unhandled_user_irq_num_in_r0
                0x100001c8                isr_invalid
                0x100001ca                isr_nmi
                0x100001cc                isr_hardfault
                0x100001ce                isr_svcall
                0x100001d0                isr_pendsv
                0x100001d2                isr_systick
                0x100001d4                __default_isrs_end
 *(.binary_info_header)
 .binary_info_header
                0x100001d4       0x14 CMakeFiles/main.dir/C_/Users/Yogaratchagan/backup/projects/pico/pico-sdk/src/rp2_common/pico_crt0/crt0.S.obj
                0x100001e8                __binary_info_header_end = .
 *(.embedded_block)
                0x100001e8                __embedded_block_end = .
 *(.reset)
 .reset         0x100001e8       0x9c CMakeFiles/main.dir/C_/Users/Yogaratchagan/backup/projects/pico/pico-sdk/src/rp2_common/pico_crt0/crt0.S.obj
                0x100001e8                _entry_point
 *(.init)
 .init          0x10000284        0x4 c:/progra~2/gnuarm~1/102021~1.10/bin/../lib/gcc/arm-none-eabi/10.3.1/thumb/v6-m/nofp/crti.o
                0x10000284                _init
 *(EXCLUDE_FILE(*libm.a: *libc.a:*lib_a-mem*.o *libgcc.a:) .text*)
 .text          0x10000288       0x48 c:/progra~2/gnuarm~1/102021~1.10/bin/../lib/gcc/arm-none-eabi/10.3.1/thumb/v6-m/nofp/crtbegin.o
 .text.main     0x100002d0       0x6c CMakeFiles/main.dir/main.c.obj
                0x100002d0                main
 .text.stdio_out_chars_no_crlf
                0x1000033c        0xe CMakeFiles/main.dir/C_/Users/Yogaratchagan/backup/projects/pico/pico-sdk/src/rp2_common/pico_stdio/stdio.c.obj
 *fill*         0x1000034a        0x2 
 .text.stdio_out_chars_crlf
                0x1000034c       0x80 CMakeFiles/main.dir/C_/Users/Yogaratchagan/backup/projects/pico/pico-sdk/src/rp2_common/pico_stdio/stdio.c.obj
 .text.stdio_stack_buffer_flush
                0x100003cc       0x44 CMakeFiles/main.dir/C_/Users/Yogaratchagan/backup/projects/pico/pico-sdk/src/rp2_common/pico_stdio/stdio.c.obj
 .text.stdio_buffered_printer
                0x10000410       0x20 CMakeFiles/main.dir/C_/Users/Yogaratchagan/backup/projects/pico/pico-sdk/src/rp2_common/pico_stdio/stdio.c.obj
 .text.stdout_serialize_begin
                0x10000430       0x30 CMakeFiles/main.dir/C_/Users/Yogaratchagan/backup/projects/pico/pico-sdk/src/rp2_common/pico_stdio/stdio.c.obj
                0x10000430                stdout_serialize_begin
 .text.stdout_serialize_end
                0x10000460       0x10 CMakeFiles/main.dir/C_/Users/Yogaratchagan/backup/projects/pico/pico-sdk/src/rp2_common/pico_stdio/stdio.c.obj
                0x10000460                stdout_serialize_end
 .text.stdio_put_string
                0x10000470       0x94 CMakeFiles/main.dir/C_/Users/Yogaratchagan/backup/projects/pico/pico-sdk/src/rp2_common/pico_stdio/stdio.c.obj
                0x10000470                stdio_put_string
 .text.stdio_set_driver_enabled
                0x10000504       0x2c CMakeFiles/main.dir/C_/Users/Yogaratchagan/backup/projects/pico/pico-sdk/src/rp2_common/pico_stdio/stdio.c.obj
                0x10000504                stdio_set_driver_enabled
 .text.stdio_flush
                0x10000530       0x20 CMakeFiles/main.dir/C_/Users/Yogaratchagan/backup/projects/pico/pico-sdk/src/rp2_common/pico_stdio/stdio.c.obj
                0x10000530                stdio_flush
 .text.stdio_init_all
                0x10000550        0x8 CMakeFiles/main.dir/C_/Users/Yogaratchagan/backup/projects/pico/pico-sdk/src/rp2_common/pico_stdio/stdio.c.obj
                0x10000550                stdio_init_all
 .text.__wrap_puts
                0x10000558       0x1e CMakeFiles/main.dir/C_/Users/Yogaratchagan/backup/projects/pico/pico-sdk/src/rp2_common/pico_stdio/stdio.c.obj
                0x10000558                stdio_puts
                0x10000558                __wrap_puts
 *fill*         0x10000576        0x2 
 .text.__wrap_vprintf
                0x10000578       0x40 CMakeFiles/main.dir/C_/Users/Yogaratchagan/backup/projects/pico/pico-sdk/src/rp2_common/pico_stdio/stdio.c.obj
                0x10000578                stdio_vprintf
                0x10000578                __wrap_vprintf
 .text.__wrap_printf
                0x100005b8       0x18 CMakeFiles/main.dir/C_/Users/Yogaratchagan/backup/projects/pico/pico-sdk/src/rp2_common/pico_stdio/stdio.c.obj
                0x100005b8                __wrap_printf
                0x100005b8                stdio_printf
 .text._out_null
                0x100005d0        0x2 CMakeFiles/main.dir/C_/Users/Yogaratchagan/backup/projects/pico/pico-sdk/src/rp2_common/pico_printf/printf.c.obj
 .text._out_fct
                0x100005d2        0xe CMakeFiles/main.dir/C_/Users/Yogaratchagan/backup/projects/pico/pico-sdk/src/rp2_common/pico_printf/printf.c.obj
 .text._atoi    0x100005e0       0x24 CMakeFiles/main.dir/C_/Users/Yogaratchagan/backup/projects/pico/pico-sdk/src/rp2_common/pico_printf/printf.c.obj
 .text._out_rev
                0x10000604       0xae CMakeFiles/main.dir/C_/Users/Yogaratchagan/backup/projects/pico/pico-sdk/src/rp2_common/pico_printf/printf.c.obj
 .text._ntoa_format
                0x100006b2      0x112 CMakeFiles/main.dir/C_/Users/Yogaratchagan/backup/projects/pico/pico-sdk/src/rp2_common/pico_printf/printf.c.obj
 .text._ntoa_long
                0x100007c4       0xbc CMakeFiles/main.dir/C_/Users/Yogaratchagan/backup/projects/pico/pico-sdk/src/rp2_common/pico_printf/printf.c.obj
 .text._ntoa_long_long
                0x10000880       0xe2 CMakeFiles/main.dir/C_/Users/Yogaratchagan/backup/projects/pico/pico-sdk/src/rp2_common/pico_printf/printf.c.obj
 *fill*         0x10000962        0x2 
 .text._etoa    0x10000964      0x414 CMakeFiles/main.dir/C_/Users/Yogaratchagan/backup/projects/pico/pico-sdk/src/rp2_common/pico_printf/printf.c.obj
 .text._ftoa    0x10000d78      0x354 CMakeFiles/main.dir/C_/Users/Yogaratchagan/backup/projects/pico/pico-sdk/src/rp2_common/pico_printf/printf.c.obj
 .text._vsnprintf
                0x100010cc      0x624 CMakeFiles/main.dir/C_/Users/Yogaratchagan/backup/projects/pico/pico-sdk/src/rp2_common/pico_printf/printf.c.obj
 .text.vfctprintf
                0x100016f0       0x20 CMakeFiles/main.dir/C_/Users/Yogaratchagan/backup/projects/pico/pico-sdk/src/rp2_common/pico_printf/printf.c.obj
                0x100016f0                vfctprintf
 .text.resetd_init
                0x10001710        0x2 CMakeFiles/main.dir/C_/Users/Yogaratchagan/backup/projects/pico/pico-sdk/src/rp2_common/pico_stdio_usb/reset_interface.c.obj
 *fill*         0x10001712        0x2 
 .text.resetd_reset
                0x10001714        0xc CMakeFiles/main.dir/C_/Users/Yogaratchagan/backup/projects/pico/pico-sdk/src/rp2_common/pico_stdio_usb/reset_interface.c.obj
 .text.resetd_open
                0x10001720       0x34 CMakeFiles/main.dir/C_/Users/Yogaratchagan/backup/projects/pico/pico-sdk/src/rp2_common/pico_stdio_usb/reset_interface.c.obj
 .text.resetd_xfer_cb
                0x10001754        0x4 CMakeFiles/main.dir/C_/Users/Yogaratchagan/backup/projects/pico/pico-sdk/src/rp2_common/pico_stdio_usb/reset_interface.c.obj
 .text.resetd_control_xfer_cb
                0x10001758       0x60 CMakeFiles/main.dir/C_/Users/Yogaratchagan/backup/projects/pico/pico-sdk/src/rp2_common/pico_stdio_usb/reset_interface.c.obj
 .text.tud_descriptor_bos_cb
                0x100017b8        0x8 CMakeFiles/main.dir/C_/Users/Yogaratchagan/backup/projects/pico/pico-sdk/src/rp2_common/pico_stdio_usb/reset_interface.c.obj
                0x100017b8                tud_descriptor_bos_cb
 .text.tud_vendor_control_xfer_cb
                0x100017c0       0x38 CMakeFiles/main.dir/C_/Users/Yogaratchagan/backup/projects/pico/pico-sdk/src/rp2_common/pico_stdio_usb/reset_interface.c.obj
                0x100017c0                tud_vendor_control_xfer_cb
 .text.usbd_app_driver_get_cb
                0x100017f8        0xc CMakeFiles/main.dir/C_/Users/Yogaratchagan/backup/projects/pico/pico-sdk/src/rp2_common/pico_stdio_usb/reset_interface.c.obj
                0x100017f8                usbd_app_driver_get_cb
 .text.tud_cdc_line_coding_cb
                0x10001804       0x2c CMakeFiles/main.dir/C_/Users/Yogaratchagan/backup/projects/pico/pico-sdk/src/rp2_common/pico_stdio_usb/reset_interface.c.obj
                0x10001804                tud_cdc_line_coding_cb
 .text.stdio_usb_set_chars_available_callback
                0x10001830       0x14 CMakeFiles/main.dir/C_/Users/Yogaratchagan/backup/projects/pico/pico-sdk/src/rp2_common/pico_stdio_usb/stdio_usb.c.obj
                0x10001830                stdio_usb_set_chars_available_callback
 .text.stdio_usb_out_flush
                0x10001844       0x4c CMakeFiles/main.dir/C_/Users/Yogaratchagan/backup/projects/pico/pico-sdk/src/rp2_common/pico_stdio_usb/stdio_usb.c.obj
 .text.usb_irq  0x10001890       0x10 CMakeFiles/main.dir/C_/Users/Yogaratchagan/backup/projects/pico/pico-sdk/src/rp2_common/pico_stdio_usb/stdio_usb.c.obj
 .text.timer_task
                0x100018a0       0x68 CMakeFiles/main.dir/C_/Users/Yogaratchagan/backup/projects/pico/pico-sdk/src/rp2_common/pico_stdio_usb/stdio_usb.c.obj
 .text.low_priority_worker_irq
                0x10001908       0xcc CMakeFiles/main.dir/C_/Users/Yogaratchagan/backup/projects/pico/pico-sdk/src/rp2_common/pico_stdio_usb/stdio_usb.c.obj
 .text.stdio_usb_init
                0x100019d4       0xfc CMakeFiles/main.dir/C_/Users/Yogaratchagan/backup/projects/pico/pico-sdk/src/rp2_common/pico_stdio_usb/stdio_usb.c.obj
                0x100019d4                stdio_usb_init
 .text.stdio_usb_connected
                0x10001ad0        0xa CMakeFiles/main.dir/C_/Users/Yogaratchagan/backup/projects/pico/pico-sdk/src/rp2_common/pico_stdio_usb/stdio_usb.c.obj
                0x10001ad0                stdio_usb_connected
 *fill*         0x10001ada        0x2 
 .text.stdio_usb_in_chars
                0x10001adc       0x98 CMakeFiles/main.dir/C_/Users/Yogaratchagan/backup/projects/pico/pico-sdk/src/rp2_common/pico_stdio_usb/stdio_usb.c.obj
                0x10001adc                stdio_usb_in_chars
 .text.stdio_usb_out_chars
                0x10001b74       0xe8 CMakeFiles/main.dir/C_/Users/Yogaratchagan/backup/projects/pico/pico-sdk/src/rp2_common/pico_stdio_usb/stdio_usb.c.obj
 .text.tud_descriptor_device_cb
                0x10001c5c        0x8 CMakeFiles/main.dir/C_/Users/Yogaratchagan/backup/projects/pico/pico-sdk/src/rp2_common/pico_stdio_usb/stdio_usb_descriptors.c.obj
                0x10001c5c                tud_descriptor_device_cb
 .text.tud_descriptor_configuration_cb
                0x10001c64        0x8 CMakeFiles/main.dir/C_/Users/Yogaratchagan/backup/projects/pico/pico-sdk/src/rp2_common/pico_stdio_usb/stdio_usb_descriptors.c.obj
                0x10001c64                tud_descriptor_configuration_cb
 .text.tud_descriptor_string_cb
                0x10001c6c       0x6c CMakeFiles/main.dir/C_/Users/Yogaratchagan/backup/projects/pico/pico-sdk/src/rp2_common/pico_stdio_usb/stdio_usb_descriptors.c.obj
                0x10001c6c                tud_descriptor_string_cb
 .text.make_alarm_id
                0x10001cd8        0x6 CMakeFiles/main.dir/C_/Users/Yogaratchagan/backup/projects/pico/pico-sdk/src/common/pico_time/time.c.obj
 *fill*         0x10001cde        0x2 
 .text.sleep_until_callback
                0x10001ce0       0x30 CMakeFiles/main.dir/C_/Users/Yogaratchagan/backup/projects/pico/pico-sdk/src/common/pico_time/time.c.obj
 .text.alarm_pool_irq_handler
                0x10001d10      0x304 CMakeFiles/main.dir/C_/Users/Yogaratchagan/backup/projects/pico/pico-sdk/src/common/pico_time/time.c.obj
 .text.alarm_pool_post_alloc_init
                0x10002014       0x94 CMakeFiles/main.dir/C_/Users/Yogaratchagan/backup/projects/pico/pico-sdk/src/common/pico_time/time.c.obj
 .text.alarm_pool_get_default
                0x100020a8       0x2c CMakeFiles/main.dir/C_/Users/Yogaratchagan/backup/projects/pico/pico-sdk/src/common/pico_time/time.c.obj
                0x100020a8                alarm_pool_get_default
 .text.alarm_pool_add_alarm_at_force_in_context
                0x100020d4       0xb0 CMakeFiles/main.dir/C_/Users/Yogaratchagan/backup/projects/pico/pico-sdk/src/common/pico_time/time.c.obj
                0x100020d4                alarm_pool_add_alarm_at_force_in_context
 .text.alarm_pool_add_alarm_at
                0x10002184       0x3c CMakeFiles/main.dir/C_/Users/Yogaratchagan/backup/projects/pico/pico-sdk/src/common/pico_time/time.c.obj
                0x10002184                alarm_pool_add_alarm_at
 .text.alarm_pool_cancel_alarm
                0x100021c0       0x78 CMakeFiles/main.dir/C_/Users/Yogaratchagan/backup/projects/pico/pico-sdk/src/common/pico_time/time.c.obj
                0x100021c0                alarm_pool_cancel_alarm
 .text.alarm_pool_core_num
                0x10002238        0x4 CMakeFiles/main.dir/C_/Users/Yogaratchagan/backup/projects/pico/pico-sdk/src/common/pico_time/time.c.obj
                0x10002238                alarm_pool_core_num
 .text.best_effort_wfe_or_timeout
                0x1000223c      0x13c CMakeFiles/main.dir/C_/Users/Yogaratchagan/backup/projects/pico/pico-sdk/src/common/pico_time/time.c.obj
                0x1000223c                best_effort_wfe_or_timeout
 .text.alarm_pool_get_default_timer
                0x10002378        0x8 CMakeFiles/main.dir/C_/Users/Yogaratchagan/backup/projects/pico/pico-sdk/src/common/pico_time/time.c.obj
                0x10002378                alarm_pool_get_default_timer
 .text.runtime_init_default_alarm_pool
                0x10002380       0x38 CMakeFiles/main.dir/C_/Users/Yogaratchagan/backup/projects/pico/pico-sdk/src/common/pico_time/time.c.obj
                0x10002380                runtime_init_default_alarm_pool
 .text.timer_hardware_alarm_claim
                0x100023b8       0x14 CMakeFiles/main.dir/C_/Users/Yogaratchagan/backup/projects/pico/pico-sdk/src/rp2_common/hardware_timer/timer.c.obj
                0x100023b8                timer_hardware_alarm_claim
 .text.timer_time_us_64
                0x100023cc       0x10 CMakeFiles/main.dir/C_/Users/Yogaratchagan/backup/projects/pico/pico-sdk/src/rp2_common/hardware_timer/timer.c.obj
                0x100023cc                timer_time_us_64
 .text.time_us_64
                0x100023dc       0x10 CMakeFiles/main.dir/C_/Users/Yogaratchagan/backup/projects/pico/pico-sdk/src/rp2_common/hardware_timer/timer.c.obj
                0x100023dc                time_us_64
 .text.panic    0x100023ec       0x30 CMakeFiles/main.dir/C_/Users/Yogaratchagan/backup/projects/pico/pico-sdk/src/rp2_common/pico_platform_panic/panic.c.obj
                0x100023ec                panic
 .text.hw_claim_lock
                0x1000241c       0x18 CMakeFiles/main.dir/C_/Users/Yogaratchagan/backup/projects/pico/pico-sdk/src/common/hardware_claim/claim.c.obj
                0x1000241c                hw_claim_lock
 .text.hw_claim_unlock
                0x10002434       0x14 CMakeFiles/main.dir/C_/Users/Yogaratchagan/backup/projects/pico/pico-sdk/src/common/hardware_claim/claim.c.obj
                0x10002434                hw_claim_unlock
 .text.hw_claim_or_assert
                0x10002448       0x32 CMakeFiles/main.dir/C_/Users/Yogaratchagan/backup/projects/pico/pico-sdk/src/common/hardware_claim/claim.c.obj
                0x10002448                hw_claim_or_assert
 .text.hw_claim_unused_from_range
                0x1000247a       0x50 CMakeFiles/main.dir/C_/Users/Yogaratchagan/backup/projects/pico/pico-sdk/src/common/hardware_claim/claim.c.obj
                0x1000247a                hw_claim_unused_from_range
 *fill*         0x100024ca        0x2 
 .text.next_striped_spin_lock_num
                0x100024cc       0x1c CMakeFiles/main.dir/C_/Users/Yogaratchagan/backup/projects/pico/pico-sdk/src/rp2_common/hardware_sync/sync.c.obj
                0x100024cc                next_striped_spin_lock_num
 .text.spin_lock_claim_unused
                0x100024e8       0x20 CMakeFiles/main.dir/C_/Users/Yogaratchagan/backup/projects/pico/pico-sdk/src/rp2_common/hardware_sync/sync.c.obj
                0x100024e8                spin_lock_claim_unused
 .text.spin_locks_reset
                0x10002508       0x20 CMakeFiles/main.dir/C_/Users/Yogaratchagan/backup/projects/pico/pico-sdk/src/rp2_common/hardware_sync_spin_lock/sync_spin_lock.c.obj
                0x10002508                spin_locks_reset
 .text.set_raw_irq_handler_and_unlock
                0x10002528       0x28 CMakeFiles/main.dir/C_/Users/Yogaratchagan/backup/projects/pico/pico-sdk/src/rp2_common/hardware_irq/irq.c.obj
 .text.nvic_ipr0
                0x10002550        0x8 CMakeFiles/main.dir/C_/Users/Yogaratchagan/backup/projects/pico/pico-sdk/src/rp2_common/hardware_irq/irq.c.obj
 .text.runtime_init_per_core_irq_priorities
                0x10002558       0x1c CMakeFiles/main.dir/C_/Users/Yogaratchagan/backup/projects/pico/pico-sdk/src/rp2_common/hardware_irq/irq.c.obj
                0x10002558                runtime_init_per_core_irq_priorities
 .text.make_j_16
                0x10002574       0x4c CMakeFiles/main.dir/C_/Users/Yogaratchagan/backup/projects/pico/pico-sdk/src/rp2_common/hardware_irq/irq.c.obj
 .text.irq_is_enabled
                0x100025c0       0x18 CMakeFiles/main.dir/C_/Users/Yogaratchagan/backup/projects/pico/pico-sdk/src/rp2_common/hardware_irq/irq.c.obj
                0x100025c0                irq_is_enabled
 .text.irq_set_mask_n_enabled
                0x100025d8       0x1c CMakeFiles/main.dir/C_/Users/Yogaratchagan/backup/projects/pico/pico-sdk/src/rp2_common/hardware_irq/irq.c.obj
                0x100025d8                irq_set_mask_n_enabled
 .text.irq_set_enabled
                0x100025f4       0x14 CMakeFiles/main.dir/C_/Users/Yogaratchagan/backup/projects/pico/pico-sdk/src/rp2_common/hardware_irq/irq.c.obj
                0x100025f4                irq_set_enabled
 .text.irq_set_pending
                0x10002608       0x10 CMakeFiles/main.dir/C_/Users/Yogaratchagan/backup/projects/pico/pico-sdk/src/rp2_common/hardware_irq/irq.c.obj
                0x10002608                irq_set_pending
 .text.irq_get_vtable_handler
                0x10002618       0x10 CMakeFiles/main.dir/C_/Users/Yogaratchagan/backup/projects/pico/pico-sdk/src/rp2_common/hardware_irq/irq.c.obj
                0x10002618                irq_get_vtable_handler
 .text.irq_has_shared_handler
                0x10002628       0x1c CMakeFiles/main.dir/C_/Users/Yogaratchagan/backup/projects/pico/pico-sdk/src/rp2_common/hardware_irq/irq.c.obj
                0x10002628                irq_has_shared_handler
 .text.irq_set_exclusive_handler
                0x10002644       0x54 CMakeFiles/main.dir/C_/Users/Yogaratchagan/backup/projects/pico/pico-sdk/src/rp2_common/hardware_irq/irq.c.obj
                0x10002644                irq_set_exclusive_handler
 .text.irq_add_shared_handler
                0x10002698      0x238 CMakeFiles/main.dir/C_/Users/Yogaratchagan/backup/projects/pico/pico-sdk/src/rp2_common/hardware_irq/irq.c.obj
                0x10002698                irq_add_shared_handler
 .text.irq_add_tail_to_free_list
                0x100028d0       0xf4 CMakeFiles/main.dir/C_/Users/Yogaratchagan/backup/projects/pico/pico-sdk/src/rp2_common/hardware_irq/irq.c.obj
                0x100028d0                irq_add_tail_to_free_list
 .text.user_irq_claim_unused
                0x100029c4       0x28 CMakeFiles/main.dir/C_/Users/Yogaratchagan/backup/projects/pico/pico-sdk/src/rp2_common/hardware_irq/irq.c.obj
                0x100029c4                user_irq_claim_unused
 .text.lock_init
                0x100029ec       0x10 CMakeFiles/main.dir/C_/Users/Yogaratchagan/backup/projects/pico/pico-sdk/src/common/pico_sync/lock_core.c.obj
                0x100029ec                lock_init
 .text.mutex_init
                0x100029fc       0x1a CMakeFiles/main.dir/C_/Users/Yogaratchagan/backup/projects/pico/pico-sdk/src/common/pico_sync/mutex.c.obj
                0x100029fc                mutex_init
 .text.recursive_mutex_init
                0x10002a16       0x1e CMakeFiles/main.dir/C_/Users/Yogaratchagan/backup/projects/pico/pico-sdk/src/common/pico_sync/mutex.c.obj
                0x10002a16                recursive_mutex_init
 .text.runtime_init_mutex
                0x10002a34       0x4c CMakeFiles/main.dir/C_/Users/Yogaratchagan/backup/projects/pico/pico-sdk/src/common/pico_sync/mutex.c.obj
                0x10002a34                runtime_init_mutex
 .text.critical_section_init_with_lock_num
                0x10002a80       0x14 CMakeFiles/main.dir/C_/Users/Yogaratchagan/backup/projects/pico/pico-sdk/src/common/pico_sync/critical_section.c.obj
                0x10002a80                critical_section_init_with_lock_num
 .text.critical_section_init
                0x10002a94       0x14 CMakeFiles/main.dir/C_/Users/Yogaratchagan/backup/projects/pico/pico-sdk/src/common/pico_sync/critical_section.c.obj
                0x10002a94                critical_section_init
 .text._retrieve_unique_id_on_boot
                0x10002aa8       0x10 CMakeFiles/main.dir/C_/Users/Yogaratchagan/backup/projects/pico/pico-sdk/src/rp2_common/pico_unique_id/unique_id.c.obj
 .text.pico_get_unique_board_id_string
                0x10002ab8       0x60 CMakeFiles/main.dir/C_/Users/Yogaratchagan/backup/projects/pico/pico-sdk/src/rp2_common/pico_unique_id/unique_id.c.obj
                0x10002ab8                pico_get_unique_board_id_string
 .text.flash_get_unique_id
                0x10002b18       0x46 CMakeFiles/main.dir/C_/Users/Yogaratchagan/backup/projects/pico/pico-sdk/src/rp2_common/hardware_flash/flash.c.obj
                0x10002b18                flash_get_unique_id
 .text.rom_func_lookup
                0x10002b5e       0x10 CMakeFiles/main.dir/C_/Users/Yogaratchagan/backup/projects/pico/pico-sdk/src/rp2_common/pico_bootrom/bootrom.c.obj
                0x10002b5e                rom_func_lookup
 .text.rom_data_lookup
                0x10002b6e       0x10 CMakeFiles/main.dir/C_/Users/Yogaratchagan/backup/projects/pico/pico-sdk/src/rp2_common/pico_bootrom/bootrom.c.obj
                0x10002b6e                rom_data_lookup
 .text.rom_funcs_lookup
                0x10002b7e       0x36 CMakeFiles/main.dir/C_/Users/Yogaratchagan/backup/projects/pico/pico-sdk/src/rp2_common/pico_bootrom/bootrom.c.obj
                0x10002b7e                rom_funcs_lookup
 .text.rom_reset_usb_boot_extra
                0x10002bb4       0x24 CMakeFiles/main.dir/C_/Users/Yogaratchagan/backup/projects/pico/pico-sdk/src/rp2_common/pico_bootrom/bootrom.c.obj
                0x10002bb4                rom_reset_usb_boot_extra
 .text.hw_endpoint_get_by_addr
                0x10002bd8       0x18 CMakeFiles/main.dir/C_/Users/Yogaratchagan/backup/projects/pico/pico-sdk/lib/tinyusb/src/portable/raspberrypi/rp2040/dcd_rp2040.c.obj
 .text._hw_endpoint_alloc
                0x10002bf0       0x70 CMakeFiles/main.dir/C_/Users/Yogaratchagan/backup/projects/pico/pico-sdk/lib/tinyusb/src/portable/raspberrypi/rp2040/dcd_rp2040.c.obj
 .text.hw_endpoint_init
                0x10002c60       0x88 CMakeFiles/main.dir/C_/Users/Yogaratchagan/backup/projects/pico/pico-sdk/lib/tinyusb/src/portable/raspberrypi/rp2040/dcd_rp2040.c.obj
 .text.hw_endpoint_xfer
                0x10002ce8       0x14 CMakeFiles/main.dir/C_/Users/Yogaratchagan/backup/projects/pico/pico-sdk/lib/tinyusb/src/portable/raspberrypi/rp2040/dcd_rp2040.c.obj
 .text.dcd_int_enable
                0x10002cfc       0x2c CMakeFiles/main.dir/C_/Users/Yogaratchagan/backup/projects/pico/pico-sdk/lib/tinyusb/src/portable/raspberrypi/rp2040/dcd_rp2040.c.obj
                0x10002cfc                dcd_int_enable
 .text.dcd_set_address
                0x10002d28       0x2c CMakeFiles/main.dir/C_/Users/Yogaratchagan/backup/projects/pico/pico-sdk/lib/tinyusb/src/portable/raspberrypi/rp2040/dcd_rp2040.c.obj
                0x10002d28                dcd_set_address
 .text.dcd_connect
                0x10002d54       0x10 CMakeFiles/main.dir/C_/Users/Yogaratchagan/backup/projects/pico/pico-sdk/lib/tinyusb/src/portable/raspberrypi/rp2040/dcd_rp2040.c.obj
                0x10002d54                dcd_connect
 .text.dcd_init
                0x10002d64       0x80 CMakeFiles/main.dir/C_/Users/Yogaratchagan/backup/projects/pico/pico-sdk/lib/tinyusb/src/portable/raspberrypi/rp2040/dcd_rp2040.c.obj
                0x10002d64                dcd_init
 .text.dcd_edpt0_status_complete
                0x10002de4       0x1c CMakeFiles/main.dir/C_/Users/Yogaratchagan/backup/projects/pico/pico-sdk/lib/tinyusb/src/portable/raspberrypi/rp2040/dcd_rp2040.c.obj
                0x10002de4                dcd_edpt0_status_complete
 .text.dcd_edpt_open
                0x10002e00       0x40 CMakeFiles/main.dir/C_/Users/Yogaratchagan/backup/projects/pico/pico-sdk/lib/tinyusb/src/portable/raspberrypi/rp2040/dcd_rp2040.c.obj
                0x10002e00                dcd_edpt_open
 .text.dcd_edpt_close_all
                0x10002e40        0x8 CMakeFiles/main.dir/C_/Users/Yogaratchagan/backup/projects/pico/pico-sdk/lib/tinyusb/src/portable/raspberrypi/rp2040/dcd_rp2040.c.obj
                0x10002e40                dcd_edpt_close_all
 .text.dcd_edpt_xfer
                0x10002e48       0x34 CMakeFiles/main.dir/C_/Users/Yogaratchagan/backup/projects/pico/pico-sdk/lib/tinyusb/src/portable/raspberrypi/rp2040/dcd_rp2040.c.obj
                0x10002e48                dcd_edpt_xfer
 .text.dcd_edpt_stall
                0x10002e7c       0x2c CMakeFiles/main.dir/C_/Users/Yogaratchagan/backup/projects/pico/pico-sdk/lib/tinyusb/src/portable/raspberrypi/rp2040/dcd_rp2040.c.obj
                0x10002e7c                dcd_edpt_stall
 .text.dcd_edpt_clear_stall
                0x10002ea8       0x20 CMakeFiles/main.dir/C_/Users/Yogaratchagan/backup/projects/pico/pico-sdk/lib/tinyusb/src/portable/raspberrypi/rp2040/dcd_rp2040.c.obj
                0x10002ea8                dcd_edpt_clear_stall
 .text.rp2040_usb_init
                0x10002ec8       0x4c CMakeFiles/main.dir/C_/Users/Yogaratchagan/backup/projects/pico/pico-sdk/lib/tinyusb/src/portable/raspberrypi/rp2040/rp2040_usb.c.obj
                0x10002ec8                rp2040_usb_init
 .text.hw_endpoint_xfer_start
                0x10002f14       0x50 CMakeFiles/main.dir/C_/Users/Yogaratchagan/backup/projects/pico/pico-sdk/lib/tinyusb/src/portable/raspberrypi/rp2040/rp2040_usb.c.obj
                0x10002f14                hw_endpoint_xfer_start
 .text.configuration_reset
                0x10002f64       0x88 CMakeFiles/main.dir/C_/Users/Yogaratchagan/backup/projects/pico/pico-sdk/lib/tinyusb/src/device/usbd.c.obj
 .text.usbd_reset
                0x10002fec        0xc CMakeFiles/main.dir/C_/Users/Yogaratchagan/backup/projects/pico/pico-sdk/lib/tinyusb/src/device/usbd.c.obj
 .text.invoke_class_control
                0x10002ff8       0x1a CMakeFiles/main.dir/C_/Users/Yogaratchagan/backup/projects/pico/pico-sdk/lib/tinyusb/src/device/usbd.c.obj
 *fill*         0x10003012        0x2 
 .text.process_set_config
                0x10003014      0x188 CMakeFiles/main.dir/C_/Users/Yogaratchagan/backup/projects/pico/pico-sdk/lib/tinyusb/src/device/usbd.c.obj
 .text.process_get_descriptor
                0x1000319c       0xdc CMakeFiles/main.dir/C_/Users/Yogaratchagan/backup/projects/pico/pico-sdk/lib/tinyusb/src/device/usbd.c.obj
 .text.tud_mounted
                0x10003278       0x10 CMakeFiles/main.dir/C_/Users/Yogaratchagan/backup/projects/pico/pico-sdk/lib/tinyusb/src/device/usbd.c.obj
                0x10003278                tud_mounted
 .text.tud_suspended
                0x10003288       0x10 CMakeFiles/main.dir/C_/Users/Yogaratchagan/backup/projects/pico/pico-sdk/lib/tinyusb/src/device/usbd.c.obj
                0x10003288                tud_suspended
 .text.tud_inited
                0x10003298       0x14 CMakeFiles/main.dir/C_/Users/Yogaratchagan/backup/projects/pico/pico-sdk/lib/tinyusb/src/device/usbd.c.obj
                0x10003298                tud_inited
 .text.tud_init
                0x100032ac       0xd0 CMakeFiles/main.dir/C_/Users/Yogaratchagan/backup/projects/pico/pico-sdk/lib/tinyusb/src/device/usbd.c.obj
                0x100032ac                tud_init
 .text.usbd_edpt_open
                0x1000337c       0x34 CMakeFiles/main.dir/C_/Users/Yogaratchagan/backup/projects/pico/pico-sdk/lib/tinyusb/src/device/usbd.c.obj
                0x1000337c                usbd_edpt_open
 .text.usbd_open_edpt_pair
                0x100033b0       0x62 CMakeFiles/main.dir/C_/Users/Yogaratchagan/backup/projects/pico/pico-sdk/lib/tinyusb/src/device/usbd.c.obj
                0x100033b0                usbd_open_edpt_pair
 *fill*         0x10003412        0x2 
 .text.usbd_edpt_claim
                0x10003414       0x28 CMakeFiles/main.dir/C_/Users/Yogaratchagan/backup/projects/pico/pico-sdk/lib/tinyusb/src/device/usbd.c.obj
                0x10003414                usbd_edpt_claim
 .text.usbd_edpt_release
                0x1000343c       0x28 CMakeFiles/main.dir/C_/Users/Yogaratchagan/backup/projects/pico/pico-sdk/lib/tinyusb/src/device/usbd.c.obj
                0x1000343c                usbd_edpt_release
 .text.usbd_edpt_xfer
                0x10003464       0x78 CMakeFiles/main.dir/C_/Users/Yogaratchagan/backup/projects/pico/pico-sdk/lib/tinyusb/src/device/usbd.c.obj
                0x10003464                usbd_edpt_xfer
 .text.usbd_edpt_busy
                0x100034dc       0x1c CMakeFiles/main.dir/C_/Users/Yogaratchagan/backup/projects/pico/pico-sdk/lib/tinyusb/src/device/usbd.c.obj
                0x100034dc                usbd_edpt_busy
 .text.usbd_edpt_stall
                0x100034f8       0x48 CMakeFiles/main.dir/C_/Users/Yogaratchagan/backup/projects/pico/pico-sdk/lib/tinyusb/src/device/usbd.c.obj
                0x100034f8                usbd_edpt_stall
 .text.usbd_edpt_clear_stall
                0x10003540       0x48 CMakeFiles/main.dir/C_/Users/Yogaratchagan/backup/projects/pico/pico-sdk/lib/tinyusb/src/device/usbd.c.obj
                0x10003540                usbd_edpt_clear_stall
 .text.usbd_edpt_stalled
                0x10003588       0x1c CMakeFiles/main.dir/C_/Users/Yogaratchagan/backup/projects/pico/pico-sdk/lib/tinyusb/src/device/usbd.c.obj
                0x10003588                usbd_edpt_stalled
 .text.process_control_request
                0x100035a4      0x378 CMakeFiles/main.dir/C_/Users/Yogaratchagan/backup/projects/pico/pico-sdk/lib/tinyusb/src/device/usbd.c.obj
 .text.tud_task_ext
                0x1000391c      0x1b4 CMakeFiles/main.dir/C_/Users/Yogaratchagan/backup/projects/pico/pico-sdk/lib/tinyusb/src/device/usbd.c.obj
                0x1000391c                tud_task_ext
 .text._data_stage_xact
                0x10003ad0       0x58 CMakeFiles/main.dir/C_/Users/Yogaratchagan/backup/projects/pico/pico-sdk/lib/tinyusb/src/device/usbd_control.c.obj
 .text.tud_control_status
                0x10003b28       0x38 CMakeFiles/main.dir/C_/Users/Yogaratchagan/backup/projects/pico/pico-sdk/lib/tinyusb/src/device/usbd_control.c.obj
                0x10003b28                tud_control_status
 .text.tud_control_xfer
                0x10003b60       0x74 CMakeFiles/main.dir/C_/Users/Yogaratchagan/backup/projects/pico/pico-sdk/lib/tinyusb/src/device/usbd_control.c.obj
                0x10003b60                tud_control_xfer
 .text.usbd_control_reset
                0x10003bd4       0x14 CMakeFiles/main.dir/C_/Users/Yogaratchagan/backup/projects/pico/pico-sdk/lib/tinyusb/src/device/usbd_control.c.obj
                0x10003bd4                usbd_control_reset
 .text.usbd_control_set_complete_callback
                0x10003be8        0xc CMakeFiles/main.dir/C_/Users/Yogaratchagan/backup/projects/pico/pico-sdk/lib/tinyusb/src/device/usbd_control.c.obj
                0x10003be8                usbd_control_set_complete_callback
 .text.usbd_control_set_request
                0x10003bf4       0x1c CMakeFiles/main.dir/C_/Users/Yogaratchagan/backup/projects/pico/pico-sdk/lib/tinyusb/src/device/usbd_control.c.obj
                0x10003bf4                usbd_control_set_request
 .text.usbd_control_xfer_cb
                0x10003c10       0xcc CMakeFiles/main.dir/C_/Users/Yogaratchagan/backup/projects/pico/pico-sdk/lib/tinyusb/src/device/usbd_control.c.obj
                0x10003c10                usbd_control_xfer_cb
 .text._prep_out_transaction
                0x10003cdc       0x54 CMakeFiles/main.dir/C_/Users/Yogaratchagan/backup/projects/pico/pico-sdk/lib/tinyusb/src/class/cdc/cdc_device.c.obj
 .text.tud_cdc_n_connected
                0x10003d30       0x48 CMakeFiles/main.dir/C_/Users/Yogaratchagan/backup/projects/pico/pico-sdk/lib/tinyusb/src/class/cdc/cdc_device.c.obj
                0x10003d30                tud_cdc_n_connected
 .text.tud_cdc_n_available
                0x10003d78       0x20 CMakeFiles/main.dir/C_/Users/Yogaratchagan/backup/projects/pico/pico-sdk/lib/tinyusb/src/class/cdc/cdc_device.c.obj
                0x10003d78                tud_cdc_n_available
 .text.tud_cdc_n_read
                0x10003d98       0x30 CMakeFiles/main.dir/C_/Users/Yogaratchagan/backup/projects/pico/pico-sdk/lib/tinyusb/src/class/cdc/cdc_device.c.obj
                0x10003d98                tud_cdc_n_read
 .text.tud_cdc_n_write_flush
                0x10003dc8       0xd0 CMakeFiles/main.dir/C_/Users/Yogaratchagan/backup/projects/pico/pico-sdk/lib/tinyusb/src/class/cdc/cdc_device.c.obj
                0x10003dc8                tud_cdc_n_write_flush
 .text.tud_cdc_n_write
                0x10003e98       0x3c CMakeFiles/main.dir/C_/Users/Yogaratchagan/backup/projects/pico/pico-sdk/lib/tinyusb/src/class/cdc/cdc_device.c.obj
                0x10003e98                tud_cdc_n_write
 .text.tud_cdc_n_write_available
                0x10003ed4       0x20 CMakeFiles/main.dir/C_/Users/Yogaratchagan/backup/projects/pico/pico-sdk/lib/tinyusb/src/class/cdc/cdc_device.c.obj
                0x10003ed4                tud_cdc_n_write_available
 .text.cdcd_init
                0x10003ef4       0xdc CMakeFiles/main.dir/C_/Users/Yogaratchagan/backup/projects/pico/pico-sdk/lib/tinyusb/src/class/cdc/cdc_device.c.obj
                0x10003ef4                cdcd_init
 .text.cdcd_reset
                0x10003fd0       0x50 CMakeFiles/main.dir/C_/Users/Yogaratchagan/backup/projects/pico/pico-sdk/lib/tinyusb/src/class/cdc/cdc_device.c.obj
                0x10003fd0                cdcd_reset
 .text.cdcd_open
                0x10004020       0xd8 CMakeFiles/main.dir/C_/Users/Yogaratchagan/backup/projects/pico/pico-sdk/lib/tinyusb/src/class/cdc/cdc_device.c.obj
                0x10004020                cdcd_open
 .text.cdcd_control_xfer_cb
                0x100040f8      0x134 CMakeFiles/main.dir/C_/Users/Yogaratchagan/backup/projects/pico/pico-sdk/lib/tinyusb/src/class/cdc/cdc_device.c.obj
                0x100040f8                cdcd_control_xfer_cb
 .text.cdcd_xfer_cb
                0x1000422c      0x134 CMakeFiles/main.dir/C_/Users/Yogaratchagan/backup/projects/pico/pico-sdk/lib/tinyusb/src/class/cdc/cdc_device.c.obj
                0x1000422c                cdcd_xfer_cb
 .text._prep_out_transaction
                0x10004360       0x30 CMakeFiles/main.dir/C_/Users/Yogaratchagan/backup/projects/pico/pico-sdk/lib/tinyusb/src/class/vendor/vendor_device.c.obj
 .text.maybe_transmit
                0x10004390       0x40 CMakeFiles/main.dir/C_/Users/Yogaratchagan/backup/projects/pico/pico-sdk/lib/tinyusb/src/class/vendor/vendor_device.c.obj
 .text.vendord_init
                0x100043d0       0xa8 CMakeFiles/main.dir/C_/Users/Yogaratchagan/backup/projects/pico/pico-sdk/lib/tinyusb/src/class/vendor/vendor_device.c.obj
                0x100043d0                vendord_init
 .text.vendord_reset
                0x10004478       0x38 CMakeFiles/main.dir/C_/Users/Yogaratchagan/backup/projects/pico/pico-sdk/lib/tinyusb/src/class/vendor/vendor_device.c.obj
                0x10004478                vendord_reset
 .text.vendord_open
                0x100044b0       0xd0 CMakeFiles/main.dir/C_/Users/Yogaratchagan/backup/projects/pico/pico-sdk/lib/tinyusb/src/class/vendor/vendor_device.c.obj
                0x100044b0                vendord_open
 .text.vendord_xfer_cb
                0x10004580       0x80 CMakeFiles/main.dir/C_/Users/Yogaratchagan/backup/projects/pico/pico-sdk/lib/tinyusb/src/class/vendor/vendor_device.c.obj
                0x10004580                vendord_xfer_cb
 .text.tusb_init
                0x10004600        0xa CMakeFiles/main.dir/C_/Users/Yogaratchagan/backup/projects/pico/pico-sdk/lib/tinyusb/src/tusb.c.obj
                0x10004600                tusb_init
 .text.tusb_inited
                0x1000460a        0xe CMakeFiles/main.dir/C_/Users/Yogaratchagan/backup/projects/pico/pico-sdk/lib/tinyusb/src/tusb.c.obj
                0x1000460a                tusb_inited
 .text.tu_edpt_claim
                0x10004618       0x50 CMakeFiles/main.dir/C_/Users/Yogaratchagan/backup/projects/pico/pico-sdk/lib/tinyusb/src/tusb.c.obj
                0x10004618                tu_edpt_claim
 .text.tu_edpt_release
                0x10004668       0x3c CMakeFiles/main.dir/C_/Users/Yogaratchagan/backup/projects/pico/pico-sdk/lib/tinyusb/src/tusb.c.obj
                0x10004668                tu_edpt_release
 .text.tu_edpt_validate
                0x100046a4       0x78 CMakeFiles/main.dir/C_/Users/Yogaratchagan/backup/projects/pico/pico-sdk/lib/tinyusb/src/tusb.c.obj
                0x100046a4                tu_edpt_validate
 .text.tu_edpt_bind_driver
                0x1000471c       0x26 CMakeFiles/main.dir/C_/Users/Yogaratchagan/backup/projects/pico/pico-sdk/lib/tinyusb/src/tusb.c.obj
                0x1000471c                tu_edpt_bind_driver
 .text.advance_index
                0x10004742       0x1a CMakeFiles/main.dir/C_/Users/Yogaratchagan/backup/projects/pico/pico-sdk/lib/tinyusb/src/common/tusb_fifo.c.obj
 .text._tu_fifo_peek
                0x1000475c       0x56 CMakeFiles/main.dir/C_/Users/Yogaratchagan/backup/projects/pico/pico-sdk/lib/tinyusb/src/common/tusb_fifo.c.obj
 .text._ff_pull_const_addr
                0x100047b2       0x4c CMakeFiles/main.dir/C_/Users/Yogaratchagan/backup/projects/pico/pico-sdk/lib/tinyusb/src/common/tusb_fifo.c.obj
 .text._ff_pull_n
                0x100047fe      0x110 CMakeFiles/main.dir/C_/Users/Yogaratchagan/backup/projects/pico/pico-sdk/lib/tinyusb/src/common/tusb_fifo.c.obj
 .text._tu_fifo_peek_n
                0x1000490e       0x6a CMakeFiles/main.dir/C_/Users/Yogaratchagan/backup/projects/pico/pico-sdk/lib/tinyusb/src/common/tusb_fifo.c.obj
 .text._tu_fifo_read_n
                0x10004978       0x4e CMakeFiles/main.dir/C_/Users/Yogaratchagan/backup/projects/pico/pico-sdk/lib/tinyusb/src/common/tusb_fifo.c.obj
 .text._ff_push_const_addr
                0x100049c6       0x40 CMakeFiles/main.dir/C_/Users/Yogaratchagan/backup/projects/pico/pico-sdk/lib/tinyusb/src/common/tusb_fifo.c.obj
 .text._ff_push_n
                0x10004a06      0x10c CMakeFiles/main.dir/C_/Users/Yogaratchagan/backup/projects/pico/pico-sdk/lib/tinyusb/src/common/tusb_fifo.c.obj
 .text._tu_fifo_write_n
                0x10004b12       0xf0 CMakeFiles/main.dir/C_/Users/Yogaratchagan/backup/projects/pico/pico-sdk/lib/tinyusb/src/common/tusb_fifo.c.obj
 .text.tu_fifo_config
                0x10004c02       0x7c CMakeFiles/main.dir/C_/Users/Yogaratchagan/backup/projects/pico/pico-sdk/lib/tinyusb/src/common/tusb_fifo.c.obj
                0x10004c02                tu_fifo_config
 .text.tu_fifo_count
                0x10004c7e       0x2a CMakeFiles/main.dir/C_/Users/Yogaratchagan/backup/projects/pico/pico-sdk/lib/tinyusb/src/common/tusb_fifo.c.obj
                0x10004c7e                tu_fifo_count
 .text.tu_fifo_empty
                0x10004ca8       0x10 CMakeFiles/main.dir/C_/Users/Yogaratchagan/backup/projects/pico/pico-sdk/lib/tinyusb/src/common/tusb_fifo.c.obj
                0x10004ca8                tu_fifo_empty
 .text.tu_fifo_full
                0x10004cb8       0x28 CMakeFiles/main.dir/C_/Users/Yogaratchagan/backup/projects/pico/pico-sdk/lib/tinyusb/src/common/tusb_fifo.c.obj
                0x10004cb8                tu_fifo_full
 .text.tu_fifo_remaining
                0x10004ce0       0x2c CMakeFiles/main.dir/C_/Users/Yogaratchagan/backup/projects/pico/pico-sdk/lib/tinyusb/src/common/tusb_fifo.c.obj
                0x10004ce0                tu_fifo_remaining
 .text.tu_fifo_read
                0x10004d0c       0x42 CMakeFiles/main.dir/C_/Users/Yogaratchagan/backup/projects/pico/pico-sdk/lib/tinyusb/src/common/tusb_fifo.c.obj
                0x10004d0c                tu_fifo_read
 .text.tu_fifo_read_n
                0x10004d4e        0xa CMakeFiles/main.dir/C_/Users/Yogaratchagan/backup/projects/pico/pico-sdk/lib/tinyusb/src/common/tusb_fifo.c.obj
                0x10004d4e                tu_fifo_read_n
 .text.tu_fifo_write
                0x10004d58       0x64 CMakeFiles/main.dir/C_/Users/Yogaratchagan/backup/projects/pico/pico-sdk/lib/tinyusb/src/common/tusb_fifo.c.obj
                0x10004d58                tu_fifo_write
 .text.tu_fifo_write_n
                0x10004dbc        0xa CMakeFiles/main.dir/C_/Users/Yogaratchagan/backup/projects/pico/pico-sdk/lib/tinyusb/src/common/tusb_fifo.c.obj
                0x10004dbc                tu_fifo_write_n
 .text.tu_fifo_clear
                0x10004dc6       0x3e CMakeFiles/main.dir/C_/Users/Yogaratchagan/backup/projects/pico/pico-sdk/lib/tinyusb/src/common/tusb_fifo.c.obj
                0x10004dc6                tu_fifo_clear
 .text.tu_fifo_set_overwritable
                0x10004e04       0x46 CMakeFiles/main.dir/C_/Users/Yogaratchagan/backup/projects/pico/pico-sdk/lib/tinyusb/src/common/tusb_fifo.c.obj
                0x10004e04                tu_fifo_set_overwritable
 *fill*         0x10004e4a        0x2 
 .text.gpio_set_function
                0x10004e4c       0x34 CMakeFiles/main.dir/C_/Users/Yogaratchagan/backup/projects/pico/pico-sdk/src/rp2_common/hardware_gpio/gpio.c.obj
                0x10004e4c                gpio_set_function
 .text.clock_configure_internal
                0x10004e80       0xc4 CMakeFiles/main.dir/C_/Users/Yogaratchagan/backup/projects/pico/pico-sdk/src/rp2_common/hardware_clocks/clocks.c.obj
 .text.clock_configure_int_divider
                0x10004f44       0x28 CMakeFiles/main.dir/C_/Users/Yogaratchagan/backup/projects/pico/pico-sdk/src/rp2_common/hardware_clocks/clocks.c.obj
                0x10004f44                clock_configure_int_divider
 .text.clock_configure_undivided
                0x10004f6c       0x12 CMakeFiles/main.dir/C_/Users/Yogaratchagan/backup/projects/pico/pico-sdk/src/rp2_common/hardware_clocks/clocks.c.obj
                0x10004f6c                clock_configure_undivided
 *fill*         0x10004f7e        0x2 
 .text.clock_get_hz
                0x10004f80        0xc CMakeFiles/main.dir/C_/Users/Yogaratchagan/backup/projects/pico/pico-sdk/src/rp2_common/hardware_clocks/clocks.c.obj
                0x10004f80                clock_get_hz
 .text.pll_init
                0x10004f8c      0x120 CMakeFiles/main.dir/C_/Users/Yogaratchagan/backup/projects/pico/pico-sdk/src/rp2_common/hardware_pll/pll.c.obj
                0x10004f8c                pll_init
 .text.watchdog_update
                0x100050ac       0x14 CMakeFiles/main.dir/C_/Users/Yogaratchagan/backup/projects/pico/pico-sdk/src/rp2_common/hardware_watchdog/watchdog.c.obj
                0x100050ac                watchdog_update
 .text._watchdog_enable
                0x100050c0       0x78 CMakeFiles/main.dir/C_/Users/Yogaratchagan/backup/projects/pico/pico-sdk/src/rp2_common/hardware_watchdog/watchdog.c.obj
                0x100050c0                _watchdog_enable
 .text.watchdog_reboot
                0x10005138       0x48 CMakeFiles/main.dir/C_/Users/Yogaratchagan/backup/projects/pico/pico-sdk/src/rp2_common/hardware_watchdog/watchdog.c.obj
                0x10005138                watchdog_reboot
 .text.tick_start
                0x10005180       0x10 CMakeFiles/main.dir/C_/Users/Yogaratchagan/backup/projects/pico/pico-sdk/src/rp2_common/hardware_ticks/ticks.c.obj
                0x10005180                tick_start
 .text.xosc_init
                0x10005190       0x2c CMakeFiles/main.dir/C_/Users/Yogaratchagan/backup/projects/pico/pico-sdk/src/rp2_common/hardware_xosc/xosc.c.obj
                0x10005190                xosc_init
 .text.runtime_run_initializers_from
                0x100051bc       0x18 CMakeFiles/main.dir/C_/Users/Yogaratchagan/backup/projects/pico/pico-sdk/src/rp2_common/pico_runtime/runtime.c.obj
 .text.first_per_core_initializer
                0x100051d4        0x2 CMakeFiles/main.dir/C_/Users/Yogaratchagan/backup/projects/pico/pico-sdk/src/rp2_common/pico_runtime/runtime.c.obj
 *fill*         0x100051d6        0x2 
 .text.runtime_run_initializers
                0x100051d8       0x10 CMakeFiles/main.dir/C_/Users/Yogaratchagan/backup/projects/pico/pico-sdk/src/rp2_common/pico_runtime/runtime.c.obj
                0x100051d8                runtime_run_initializers
 .text.runtime_init_early_resets
                0x100051e8       0x2c CMakeFiles/main.dir/C_/Users/Yogaratchagan/backup/projects/pico/pico-sdk/src/rp2_common/pico_runtime_init/runtime_init.c.obj
                0x100051e8                runtime_init_early_resets
 .text.runtime_init_usb_power_down
                0x10005214       0x1c CMakeFiles/main.dir/C_/Users/Yogaratchagan/backup/projects/pico/pico-sdk/src/rp2_common/pico_runtime_init/runtime_init.c.obj
                0x10005214                runtime_init_usb_power_down
 .text.runtime_init_post_clock_resets
                0x10005230       0x20 CMakeFiles/main.dir/C_/Users/Yogaratchagan/backup/projects/pico/pico-sdk/src/rp2_common/pico_runtime_init/runtime_init.c.obj
                0x10005230                runtime_init_post_clock_resets
 .text.runtime_init_rp2040_gpio_ie_disable
                0x10005250       0x14 CMakeFiles/main.dir/C_/Users/Yogaratchagan/backup/projects/pico/pico-sdk/src/rp2_common/pico_runtime_init/runtime_init.c.obj
                0x10005250                runtime_init_rp2040_gpio_ie_disable
 .text.runtime_init_spin_locks_reset
                0x10005264        0x8 CMakeFiles/main.dir/C_/Users/Yogaratchagan/backup/projects/pico/pico-sdk/src/rp2_common/pico_runtime_init/runtime_init.c.obj
                0x10005264                runtime_init_spin_locks_reset
 .text.runtime_init_install_ram_vector_table
                0x1000526c       0x48 CMakeFiles/main.dir/C_/Users/Yogaratchagan/backup/projects/pico/pico-sdk/src/rp2_common/pico_runtime_init/runtime_init.c.obj
                0x1000526c                runtime_init_install_ram_vector_table
 .text.start_all_ticks
                0x100052b4       0x28 CMakeFiles/main.dir/C_/Users/Yogaratchagan/backup/projects/pico/pico-sdk/src/rp2_common/pico_runtime_init/runtime_init_clocks.c.obj
 .text.runtime_init_clocks
                0x100052dc       0xcc CMakeFiles/main.dir/C_/Users/Yogaratchagan/backup/projects/pico/pico-sdk/src/rp2_common/pico_runtime_init/runtime_init_clocks.c.obj
                0x100052dc                runtime_init_clocks
 .text          0x100053a8       0x10 CMakeFiles/main.dir/C_/Users/Yogaratchagan/backup/projects/pico/pico-sdk/src/rp2_common/pico_bit_ops/bit_ops_aeabi.S.obj
 .text.__wrap___aeabi_idiv
                0x100053b8       0x50 CMakeFiles/main.dir/C_/Users/Yogaratchagan/backup/projects/pico/pico-sdk/src/rp2_common/pico_divider/divider_hardware.S.obj
                0x100053b8                __wrap___aeabi_idivmod
                0x100053b8                divmod_s32s32
                0x100053b8                div_s32s32
                0x100053b8                __wrap___aeabi_idiv
                0x100053c0                divmod_s32s32_unsafe
                0x100053ec                divmod_s32s32_savestate
 .text.__wrap___aeabi_uidiv
                0x10005408       0x4c CMakeFiles/main.dir/C_/Users/Yogaratchagan/backup/projects/pico/pico-sdk/src/rp2_common/pico_divider/divider_hardware.S.obj
                0x10005408                __wrap___aeabi_uidiv
                0x10005408                __wrap___aeabi_uidivmod
                0x10005408                div_u32u32
                0x10005408                divmod_u32u32
                0x10005410                divmod_u32u32_unsafe
                0x10005438                divmod_u32u32_savestate
 .text.__wrap___aeabi_ldiv
                0x10005454      0x424 CMakeFiles/main.dir/C_/Users/Yogaratchagan/backup/projects/pico/pico-sdk/src/rp2_common/pico_divider/divider_hardware.S.obj
                0x10005454                div_s64s64
                0x10005454                divmod_s64s64
                0x10005454                __wrap___aeabi_ldivmod
                0x10005484                divmod_u64u64
                0x10005484                div_u64u64
                0x10005484                __wrap___aeabi_uldivmod
                0x10005494                divmod_u64u64_savestate
                0x100054b4                divmod_s64s64_unsafe
                0x1000553c                divmod_u64u64_unsafe
 .text.__wrap___aeabi_darithmetic
                0x10005878       0x80 CMakeFiles/main.dir/C_/Users/Yogaratchagan/backup/projects/pico/pico-sdk/src/rp2_common/pico_double/double_aeabi_rp2040.S.obj
                0x10005878                __wrap___aeabi_drsub
                0x1000587e                __wrap___aeabi_dsub
                0x10005890                __wrap___aeabi_dadd
                0x100058a2                __wrap___aeabi_ddiv
                0x100058de                __wrap___aeabi_dmul
 .text.__wrap___aeabi_cdcmple
                0x100058f8       0x6c CMakeFiles/main.dir/C_/Users/Yogaratchagan/backup/projects/pico/pico-sdk/src/rp2_common/pico_double/double_aeabi_rp2040.S.obj
                0x100058f8                __wrap___aeabi_cdrcmple
                0x10005908                __wrap___aeabi_cdcmpeq
                0x10005908                __wrap___aeabi_cdcmple
 .text.__wrap___aeabi_dcmplt
                0x10005964        0xc CMakeFiles/main.dir/C_/Users/Yogaratchagan/backup/projects/pico/pico-sdk/src/rp2_common/pico_double/double_aeabi_rp2040.S.obj
                0x10005964                __wrap___aeabi_dcmplt
 .text.__wrap___aeabi_dcmple
                0x10005970       0x10 CMakeFiles/main.dir/C_/Users/Yogaratchagan/backup/projects/pico/pico-sdk/src/rp2_common/pico_double/double_aeabi_rp2040.S.obj
                0x10005970                __wrap___aeabi_dcmple
 .text.__wrap___aeabi_dcmpge
                0x10005980       0x10 CMakeFiles/main.dir/C_/Users/Yogaratchagan/backup/projects/pico/pico-sdk/src/rp2_common/pico_double/double_aeabi_rp2040.S.obj
                0x10005980                __wrap___aeabi_dcmpge
 .text.__wrap___aeabi_dcmpgt
                0x10005990        0xa CMakeFiles/main.dir/C_/Users/Yogaratchagan/backup/projects/pico/pico-sdk/src/rp2_common/pico_double/double_aeabi_rp2040.S.obj
                0x10005990                __wrap___aeabi_dcmpgt
 .text.__wrap___aeabi_dcmpun
                0x1000599a       0x18 CMakeFiles/main.dir/C_/Users/Yogaratchagan/backup/projects/pico/pico-sdk/src/rp2_common/pico_double/double_aeabi_rp2040.S.obj
                0x1000599a                __wrap___aeabi_dcmpun
 *fill*         0x100059b2        0x2 
 .text.__wrap___aeabi_i2d
                0x100059b4       0x38 CMakeFiles/main.dir/C_/Users/Yogaratchagan/backup/projects/pico/pico-sdk/src/rp2_common/pico_double/double_aeabi_rp2040.S.obj
                0x100059b4                uint2double
                0x100059b4                __wrap___aeabi_ui2d
                0x100059bc                int2double
                0x100059bc                __wrap___aeabi_i2d
 .text.__wrap___aeabi_d2iz
                0x100059ec       0x48 CMakeFiles/main.dir/C_/Users/Yogaratchagan/backup/projects/pico/pico-sdk/src/rp2_common/pico_double/double_aeabi_rp2040.S.obj
                0x100059ec                double2int_z
                0x100059ec                __wrap___aeabi_d2iz
 .text.__wrap___aeabi_d2uiz
                0x10005a34       0x18 CMakeFiles/main.dir/C_/Users/Yogaratchagan/backup/projects/pico/pico-sdk/src/rp2_common/pico_double/double_aeabi_rp2040.S.obj
                0x10005a34                double2uint
                0x10005a34                __wrap___aeabi_d2uiz
                0x10005a34                double2uint_z
 .text.__aeabi_double_init
                0x10005a4c       0xc8 CMakeFiles/main.dir/C_/Users/Yogaratchagan/backup/projects/pico/pico-sdk/src/rp2_common/pico_double/double_init_rom_rp2040.c.obj
                0x10005a4c                __aeabi_double_init
 .text.double_table_shim_on_use_helper
                0x10005b14       0x34 CMakeFiles/main.dir/C_/Users/Yogaratchagan/backup/projects/pico/pico-sdk/src/rp2_common/pico_double/double_v1_rom_shim_rp2040.S.obj
                0x10005b14                double_table_shim_on_use_helper
 .text.__wrap___aeabi_dsub
                0x10005b48       0x10 CMakeFiles/main.dir/C_/Users/Yogaratchagan/backup/projects/pico/pico-sdk/src/rp2_common/pico_double/double_v1_rom_shim_rp2040.S.obj
                0x10005b48                drsub_shim
                0x10005b4e                dsub_shim
 .text.dadd_shim
                0x10005b58      0x15c CMakeFiles/main.dir/C_/Users/Yogaratchagan/backup/projects/pico/pico-sdk/src/rp2_common/pico_double/double_v1_rom_shim_rp2040.S.obj
                0x10005b58                dadd_shim
 .text.dmul_shim
                0x10005cb4      0x15c CMakeFiles/main.dir/C_/Users/Yogaratchagan/backup/projects/pico/pico-sdk/src/rp2_common/pico_double/double_v1_rom_shim_rp2040.S.obj
                0x10005cb4                dmul_shim
 .text.ddiv_shim
                0x10005e10      0x1b0 CMakeFiles/main.dir/C_/Users/Yogaratchagan/backup/projects/pico/pico-sdk/src/rp2_common/pico_double/double_v1_rom_shim_rp2040.S.obj
                0x10005e10                ddiv_shim
 .text.double2uint_shim
                0x10005fc0        0xe CMakeFiles/main.dir/C_/Users/Yogaratchagan/backup/projects/pico/pico-sdk/src/rp2_common/pico_double/double_v1_rom_shim_rp2040.S.obj
                0x10005fc0                double2uint_shim
                0x10005fc2                double2ufix_shim
 *fill*         0x10005fce        0x2 
 .text.double2uint64_shim
                0x10005fd0       0x70 CMakeFiles/main.dir/C_/Users/Yogaratchagan/backup/projects/pico/pico-sdk/src/rp2_common/pico_double/double_v1_rom_shim_rp2040.S.obj
                0x10005fd0                double2uint64_shim
                0x10005fd2                double2ufix64_shim
                0x10005ff2                d2fix_a
 .text.dunpacks
                0x10006040       0x3c CMakeFiles/main.dir/C_/Users/Yogaratchagan/backup/projects/pico/pico-sdk/src/rp2_common/pico_double/double_v1_rom_shim_rp2040.S.obj
                0x10006040                dunpacks
 .text.__aeabi_lmul
                0x1000607c       0x32 CMakeFiles/main.dir/C_/Users/Yogaratchagan/backup/projects/pico/pico-sdk/src/rp2_common/pico_int64_ops/pico_int64_ops_aeabi.S.obj
                0x1000607c                __wrap___aeabi_lmul
 *fill*         0x100060ae        0x2 
 .text.__aeabi_float_init
                0x100060b0       0xfc CMakeFiles/main.dir/C_/Users/Yogaratchagan/backup/projects/pico/pico-sdk/src/rp2_common/pico_float/float_init_rom_rp2040.c.obj
                0x100060b0                __aeabi_float_init
 .text.float_table_shim_on_use_helper
                0x100061ac       0x34 CMakeFiles/main.dir/C_/Users/Yogaratchagan/backup/projects/pico/pico-sdk/src/rp2_common/pico_float/float_v1_rom_shim_rp2040.S.obj
                0x100061ac                float_table_shim_on_use_helper
 .text          0x100061e0       0x10 CMakeFiles/main.dir/C_/Users/Yogaratchagan/backup/projects/pico/pico-sdk/src/rp2_common/pico_mem_ops/mem_ops_aeabi.S.obj
                0x100061e0                __aeabi_mem_init
 .text.memset   0x100061f0        0xc CMakeFiles/main.dir/C_/Users/Yogaratchagan/backup/projects/pico/pico-sdk/src/rp2_common/pico_mem_ops/mem_ops_aeabi.S.obj
                0x100061f0                __wrap_memset
 .text.memcpy   0x100061fc        0xc CMakeFiles/main.dir/C_/Users/Yogaratchagan/backup/projects/pico/pico-sdk/src/rp2_common/pico_mem_ops/mem_ops_aeabi.S.obj
                0x100061fc                __wrap_memcpy
                0x100061fc                __wrap___aeabi_memcpy
 .text._exit    0x10006208        0x4 CMakeFiles/main.dir/C_/Users/Yogaratchagan/backup/projects/pico/pico-sdk/src/rp2_common/pico_clib_interface/newlib_interface.c.obj
                0x10006208                _exit
 .text.exit     0x1000620c        0x6 CMakeFiles/main.dir/C_/Users/Yogaratchagan/backup/projects/pico/pico-sdk/src/rp2_common/pico_clib_interface/newlib_interface.c.obj
                0x1000620c                exit
 *fill*         0x10006212        0x2 
 .text.__assert_func
                0x10006214       0x3c CMakeFiles/main.dir/C_/Users/Yogaratchagan/backup/projects/pico/pico-sdk/src/rp2_common/pico_clib_interface/newlib_interface.c.obj
                0x10006214                __assert_func
 .text.runtime_init
                0x10006250       0x28 CMakeFiles/main.dir/C_/Users/Yogaratchagan/backup/projects/pico/pico-sdk/src/rp2_common/pico_clib_interface/newlib_interface.c.obj
                0x10006250                runtime_init
 .text.strlen   0x10006278       0x5c c:/progra~2/gnuarm~1/102021~1.10/bin/../lib/gcc/arm-none-eabi/10.3.1/../../../../arm-none-eabi/lib/thumb/v6-m/nofp\libg.a(lib_a-strlen-stub.o)
                0x10006278                strlen
 *(.fini)
 .fini          0x100062d4        0x4 c:/progra~2/gnuarm~1/102021~1.10/bin/../lib/gcc/arm-none-eabi/10.3.1/thumb/v6-m/nofp/crti.o
                0x100062d4                _fini
 .fini.__stub   0x100062d8       0xd0 linker stubs
 *crtbegin.o(.ctors)
 *crtbegin?.o(.ctors)
 *(EXCLUDE_FILE(*crtend.o *crtend?.o) .ctors)
 *(SORT_BY_NAME(.ctors.*))
 *(.ctors)
 *crtbegin.o(.dtors)
 *crtbegin?.o(.dtors)
 *(EXCLUDE_FILE(*crtend.o *crtend?.o) .dtors)
 *(SORT_BY_NAME(.dtors.*))
 *(.dtors)
                0x100063a8                . = ALIGN (0x4)
                0x100063a8                PROVIDE (__preinit_array_start = .)
 *(SORT_BY_NAME(.preinit_array.*))
 .preinit_array.00100
                0x100063a8        0x4 CMakeFiles/main.dir/C_/Users/Yogaratchagan/backup/projects/pico/pico-sdk/src/rp2_common/pico_runtime_init/runtime_init.c.obj
                0x100063a8                __pre_init_runtime_init_early_resets
 .preinit_array.00101
                0x100063ac        0x4 CMakeFiles/main.dir/C_/Users/Yogaratchagan/backup/projects/pico/pico-sdk/src/rp2_common/pico_runtime_init/runtime_init.c.obj
                0x100063ac                __pre_init_runtime_init_usb_power_down
 .preinit_array.00275
                0x100063b0        0x4 CMakeFiles/main.dir/C_/Users/Yogaratchagan/backup/projects/pico/pico-sdk/src/rp2_common/pico_bit_ops/bit_ops_aeabi.S.obj
 .preinit_array.00300
                0x100063b4        0x4 CMakeFiles/main.dir/C_/Users/Yogaratchagan/backup/projects/pico/pico-sdk/src/rp2_common/pico_mem_ops/mem_ops_aeabi.S.obj
 .preinit_array.00350
                0x100063b8        0x4 CMakeFiles/main.dir/C_/Users/Yogaratchagan/backup/projects/pico/pico-sdk/src/rp2_common/pico_double/double_aeabi_rp2040.S.obj
 .preinit_array.00350
                0x100063bc        0x4 CMakeFiles/main.dir/C_/Users/Yogaratchagan/backup/projects/pico/pico-sdk/src/rp2_common/pico_float/float_aeabi_rp2040.S.obj
 .preinit_array.00500
                0x100063c0        0x4 CMakeFiles/main.dir/C_/Users/Yogaratchagan/backup/projects/pico/pico-sdk/src/rp2_common/pico_runtime_init/runtime_init.c.obj
                0x100063c0                __pre_init_runtime_init_clocks
 .preinit_array.00600
                0x100063c4        0x4 CMakeFiles/main.dir/C_/Users/Yogaratchagan/backup/projects/pico/pico-sdk/src/rp2_common/pico_runtime_init/runtime_init.c.obj
                0x100063c4                __pre_init_runtime_init_post_clock_resets
 .preinit_array.00700
                0x100063c8        0x4 CMakeFiles/main.dir/C_/Users/Yogaratchagan/backup/projects/pico/pico-sdk/src/rp2_common/pico_runtime_init/runtime_init.c.obj
                0x100063c8                __pre_init_runtime_init_rp2040_gpio_ie_disable
 .preinit_array.01000
                0x100063cc        0x4 CMakeFiles/main.dir/C_/Users/Yogaratchagan/backup/projects/pico/pico-sdk/src/rp2_common/pico_runtime_init/runtime_init.c.obj
                0x100063cc                __pre_init_runtime_init_spin_locks_reset
 .preinit_array.01100
                0x100063d0        0x4 CMakeFiles/main.dir/C_/Users/Yogaratchagan/backup/projects/pico/pico-sdk/src/common/pico_sync/mutex.c.obj
                0x100063d0                __pre_init_runtime_init_mutex
 .preinit_array.10080
                0x100063d4        0x4 CMakeFiles/main.dir/C_/Users/Yogaratchagan/backup/projects/pico/pico-sdk/src/rp2_common/pico_runtime_init/runtime_init.c.obj
                0x100063d4                __pre_init_runtime_init_install_ram_vector_table
 .preinit_array.11000
                0x100063d8        0x4 CMakeFiles/main.dir/C_/Users/Yogaratchagan/backup/projects/pico/pico-sdk/src/common/pico_time/time.c.obj
                0x100063d8                __pre_init_runtime_init_default_alarm_pool
 .preinit_array.YYYYY
                0x100063dc        0x4 CMakeFiles/main.dir/C_/Users/Yogaratchagan/backup/projects/pico/pico-sdk/src/rp2_common/pico_runtime/runtime.c.obj
                0x100063dc                __pre_init_first_per_core_initializer
 .preinit_array.ZZZZZ.01200
                0x100063e0        0x4 CMakeFiles/main.dir/C_/Users/Yogaratchagan/backup/projects/pico/pico-sdk/src/rp2_common/hardware_irq/irq.c.obj
                0x100063e0                __pre_init_runtime_init_per_core_irq_priorities
 *(.preinit_array)
                0x100063e4                PROVIDE (__preinit_array_end = .)
                0x100063e4                . = ALIGN (0x4)
                0x100063e4                PROVIDE (__init_array_start = .)
 *(SORT_BY_NAME(.init_array.*))
 .init_array.01000
                0x100063e4        0x4 CMakeFiles/main.dir/C_/Users/Yogaratchagan/backup/projects/pico/pico-sdk/src/rp2_common/pico_unique_id/unique_id.c.obj
 *(.init_array)
 .init_array    0x100063e8        0x4 c:/progra~2/gnuarm~1/102021~1.10/bin/../lib/gcc/arm-none-eabi/10.3.1/thumb/v6-m/nofp/crtbegin.o
                0x100063ec                PROVIDE (__init_array_end = .)
                0x100063ec                . = ALIGN (0x4)
                [!provide]                PROVIDE (__fini_array_start = .)
 *(SORT_BY_NAME(.fini_array.*))
 *(.fini_array)
                [!provide]                PROVIDE (__fini_array_end = .)
 *(.eh_frame*)
 .eh_frame      0x100063ec        0x0 c:/progra~2/gnuarm~1/102021~1.10/bin/../lib/gcc/arm-none-eabi/10.3.1/thumb/v6-m/nofp/crtbegin.o
                0x100063ec                . = ALIGN (0x4)

.glue_7         0x100063ec        0x0
 .glue_7        0x100063ec        0x0 linker stubs

.glue_7t        0x100063ec        0x0
 .glue_7t       0x100063ec        0x0 linker stubs

.vfp11_veneer   0x100063ec        0x0
 .vfp11_veneer  0x100063ec        0x0 linker stubs

.v4_bx          0x100063ec        0x0
 .v4_bx         0x100063ec        0x0 linker stubs

.iplt           0x100063ec        0x0
 .iplt          0x100063ec        0x0 c:/progra~2/gnuarm~1/102021~1.10/bin/../lib/gcc/arm-none-eabi/10.3.1/thumb/v6-m/nofp/crtbegin.o

.rodata         0x100063f0     0x1260
 *(EXCLUDE_FILE(*libm.a: *libc.a:*lib_a-mem*.o *libgcc.a:) .rodata*)
 .rodata.crlf_str.0
                0x100063f0        0x2 CMakeFiles/main.dir/C_/Users/Yogaratchagan/backup/projects/pico/pico-sdk/src/rp2_common/pico_stdio/stdio.c.obj
 *fill*         0x100063f2        0x2 
 .rodata._ftoa.str1.4
                0x100063f4       0x15 CMakeFiles/main.dir/C_/Users/Yogaratchagan/backup/projects/pico/pico-sdk/src/rp2_common/pico_printf/printf.c.obj
 *fill*         0x10006409        0x3 
 .rodata._vsnprintf
                0x1000640c      0x1e0 CMakeFiles/main.dir/C_/Users/Yogaratchagan/backup/projects/pico/pico-sdk/src/rp2_common/pico_printf/printf.c.obj
 *fill*         0x100065ec        0x4 
 .rodata.pow10.0
                0x100065f0       0x50 CMakeFiles/main.dir/C_/Users/Yogaratchagan/backup/projects/pico/pico-sdk/src/rp2_common/pico_printf/printf.c.obj
 .rodata._resetd_driver
                0x10006640       0x18 CMakeFiles/main.dir/C_/Users/Yogaratchagan/backup/projects/pico/pico-sdk/src/rp2_common/pico_stdio_usb/reset_interface.c.obj
 .rodata.desc_bos
                0x10006658       0x21 CMakeFiles/main.dir/C_/Users/Yogaratchagan/backup/projects/pico/pico-sdk/src/rp2_common/pico_stdio_usb/reset_interface.c.obj
                0x10006658                desc_bos
 *fill*         0x10006679        0x3 
 .rodata.desc_ms_os_20
                0x1000667c       0xa6 CMakeFiles/main.dir/C_/Users/Yogaratchagan/backup/projects/pico/pico-sdk/src/rp2_common/pico_stdio_usb/reset_interface.c.obj
 *fill*         0x10006722        0x2 
 .rodata.stdio_usb_init.str1.4
                0x10006724       0x67 CMakeFiles/main.dir/C_/Users/Yogaratchagan/backup/projects/pico/pico-sdk/src/rp2_common/pico_stdio_usb/stdio_usb.c.obj
 *fill*         0x1000678b        0x1 
 .rodata.str1.4
                0x1000678c       0x13 CMakeFiles/main.dir/C_/Users/Yogaratchagan/backup/projects/pico/pico-sdk/src/rp2_common/pico_stdio_usb/stdio_usb.c.obj
 *fill*         0x1000679f        0x1 
 .rodata.__bi_202.1
                0x100067a0        0xc CMakeFiles/main.dir/C_/Users/Yogaratchagan/backup/projects/pico/pico-sdk/src/rp2_common/pico_stdio_usb/stdio_usb.c.obj
 .rodata.__func__.2
                0x100067ac        0xf CMakeFiles/main.dir/C_/Users/Yogaratchagan/backup/projects/pico/pico-sdk/src/rp2_common/pico_stdio_usb/stdio_usb.c.obj
 *fill*         0x100067bb        0x1 
 .rodata.str1.4
                0x100067bc       0x2a CMakeFiles/main.dir/C_/Users/Yogaratchagan/backup/projects/pico/pico-sdk/src/rp2_common/pico_stdio_usb/stdio_usb_descriptors.c.obj
 *fill*         0x100067e6        0x2 
 .rodata.usbd_desc_cfg
                0x100067e8       0x54 CMakeFiles/main.dir/C_/Users/Yogaratchagan/backup/projects/pico/pico-sdk/src/rp2_common/pico_stdio_usb/stdio_usb_descriptors.c.obj
 .rodata.usbd_desc_device
                0x1000683c       0x12 CMakeFiles/main.dir/C_/Users/Yogaratchagan/backup/projects/pico/pico-sdk/src/rp2_common/pico_stdio_usb/stdio_usb_descriptors.c.obj
 *fill*         0x1000684e        0x2 
 .rodata.usbd_desc_str
                0x10006850       0x18 CMakeFiles/main.dir/C_/Users/Yogaratchagan/backup/projects/pico/pico-sdk/src/rp2_common/pico_stdio_usb/stdio_usb_descriptors.c.obj
 .rodata.alarm_pool_irq_handler.str1.4
                0x10006868       0x7d CMakeFiles/main.dir/C_/Users/Yogaratchagan/backup/projects/pico/pico-sdk/src/common/pico_time/time.c.obj
 *fill*         0x100068e5        0x3 
 .rodata.alarm_pool_get_default.str1.4
                0x100068e8       0x21 CMakeFiles/main.dir/C_/Users/Yogaratchagan/backup/projects/pico/pico-sdk/src/common/pico_time/time.c.obj
 *fill*         0x10006909        0x3 
 .rodata.__func__.1
                0x1000690c       0x17 CMakeFiles/main.dir/C_/Users/Yogaratchagan/backup/projects/pico/pico-sdk/src/common/pico_time/time.c.obj
 *fill*         0x10006923        0x1 
 .rodata.__func__.2
                0x10006924       0x17 CMakeFiles/main.dir/C_/Users/Yogaratchagan/backup/projects/pico/pico-sdk/src/common/pico_time/time.c.obj
 *fill*         0x1000693b        0x1 
 .rodata.timer_hardware_alarm_claim.str1.4
                0x1000693c       0x22 CMakeFiles/main.dir/C_/Users/Yogaratchagan/backup/projects/pico/pico-sdk/src/rp2_common/hardware_timer/timer.c.obj
 *fill*         0x1000695e        0x2 
 .rodata.panic.str1.4
                0x10006960       0x12 CMakeFiles/main.dir/C_/Users/Yogaratchagan/backup/projects/pico/pico-sdk/src/rp2_common/pico_platform_panic/panic.c.obj
 *fill*         0x10006972        0x2 
 .rodata.spin_lock_claim_unused.str1.4
                0x10006974       0x1b CMakeFiles/main.dir/C_/Users/Yogaratchagan/backup/projects/pico/pico-sdk/src/rp2_common/hardware_sync/sync.c.obj
 *fill*         0x1000698f        0x1 
 .rodata.make_j_16.str1.4
                0x10006990       0x87 CMakeFiles/main.dir/C_/Users/Yogaratchagan/backup/projects/pico/pico-sdk/src/rp2_common/hardware_irq/irq.c.obj
 *fill*         0x10006a17        0x1 
 .rodata.irq_set_exclusive_handler.str1.4
                0x10006a18       0x36 CMakeFiles/main.dir/C_/Users/Yogaratchagan/backup/projects/pico/pico-sdk/src/rp2_common/hardware_irq/irq.c.obj
 *fill*         0x10006a4e        0x2 
 .rodata.irq_add_shared_handler.str1.4
                0x10006a50       0xe9 CMakeFiles/main.dir/C_/Users/Yogaratchagan/backup/projects/pico/pico-sdk/src/rp2_common/hardware_irq/irq.c.obj
 *fill*         0x10006b39        0x3 
 .rodata.irq_add_tail_to_free_list.str1.4
                0x10006b3c       0x3a CMakeFiles/main.dir/C_/Users/Yogaratchagan/backup/projects/pico/pico-sdk/src/rp2_common/hardware_irq/irq.c.obj
 *fill*         0x10006b76        0x2 
 .rodata.user_irq_claim_unused.str1.4
                0x10006b78       0x1b CMakeFiles/main.dir/C_/Users/Yogaratchagan/backup/projects/pico/pico-sdk/src/rp2_common/hardware_irq/irq.c.obj
 *fill*         0x10006b93        0x1 
 .rodata.__func__.0
                0x10006b94       0x1a CMakeFiles/main.dir/C_/Users/Yogaratchagan/backup/projects/pico/pico-sdk/src/rp2_common/hardware_irq/irq.c.obj
 *fill*         0x10006bae        0x2 
 .rodata.__func__.3
                0x10006bb0        0xa CMakeFiles/main.dir/C_/Users/Yogaratchagan/backup/projects/pico/pico-sdk/src/rp2_common/hardware_irq/irq.c.obj
 *fill*         0x10006bba        0x2 
 .rodata.__func__.4
                0x10006bbc        0xd CMakeFiles/main.dir/C_/Users/Yogaratchagan/backup/projects/pico/pico-sdk/src/rp2_common/hardware_irq/irq.c.obj
 *fill*         0x10006bc9        0x3 
 .rodata.__func__.5
                0x10006bcc       0x17 CMakeFiles/main.dir/C_/Users/Yogaratchagan/backup/projects/pico/pico-sdk/src/rp2_common/hardware_irq/irq.c.obj
 *fill*         0x10006be3        0x1 
 .rodata.__func__.6
                0x10006be4       0x1a CMakeFiles/main.dir/C_/Users/Yogaratchagan/backup/projects/pico/pico-sdk/src/rp2_common/hardware_irq/irq.c.obj
 *fill*         0x10006bfe        0x2 
 .rodata.runtime_init_mutex.str1.4
                0x10006c00       0x72 CMakeFiles/main.dir/C_/Users/Yogaratchagan/backup/projects/pico/pico-sdk/src/common/pico_sync/mutex.c.obj
 *fill*         0x10006c72        0x2 
 .rodata.str1.4
                0x10006c74       0x51 CMakeFiles/main.dir/C_/Users/Yogaratchagan/backup/projects/pico/pico-sdk/src/common/pico_sync/mutex.c.obj
 *fill*         0x10006cc5        0x3 
 .rodata.__func__.1
                0x10006cc8        0xb CMakeFiles/main.dir/C_/Users/Yogaratchagan/backup/projects/pico/pico-sdk/src/common/pico_sync/mutex.c.obj
 *fill*         0x10006cd3        0x1 
 .rodata.__func__.3
                0x10006cd4       0x18 CMakeFiles/main.dir/C_/Users/Yogaratchagan/backup/projects/pico/pico-sdk/src/common/pico_sync/mutex.c.obj
 .rodata.__func__.6
                0x10006cec       0x13 CMakeFiles/main.dir/C_/Users/Yogaratchagan/backup/projects/pico/pico-sdk/src/common/pico_sync/mutex.c.obj
 *fill*         0x10006cff        0x1 
 .rodata.pico_get_unique_board_id_string.str1.4
                0x10006d00       0x67 CMakeFiles/main.dir/C_/Users/Yogaratchagan/backup/projects/pico/pico-sdk/src/rp2_common/pico_unique_id/unique_id.c.obj
 *fill*         0x10006d67        0x1 
 .rodata.__func__.0
                0x10006d68       0x20 CMakeFiles/main.dir/C_/Users/Yogaratchagan/backup/projects/pico/pico-sdk/src/rp2_common/pico_unique_id/unique_id.c.obj
 .rodata.str1.4
                0x10006d88      0x215 CMakeFiles/main.dir/C_/Users/Yogaratchagan/backup/projects/pico/pico-sdk/src/rp2_common/hardware_flash/flash.c.obj
 *fill*         0x10006f9d        0x3 
 .rodata.__func__.0
                0x10006fa0        0xd CMakeFiles/main.dir/C_/Users/Yogaratchagan/backup/projects/pico/pico-sdk/src/rp2_common/hardware_flash/flash.c.obj
 *fill*         0x10006fad        0x3 
 .rodata._hw_endpoint_alloc.str1.4
                0x10006fb0       0xd1 CMakeFiles/main.dir/C_/Users/Yogaratchagan/backup/projects/pico/pico-sdk/lib/tinyusb/src/portable/raspberrypi/rp2040/dcd_rp2040.c.obj
 *fill*         0x10007081        0x3 
 .rodata.str1.4
                0x10007084       0x14 CMakeFiles/main.dir/C_/Users/Yogaratchagan/backup/projects/pico/pico-sdk/lib/tinyusb/src/portable/raspberrypi/rp2040/dcd_rp2040.c.obj
 .rodata.dcd_int_enable.str1.4
                0x10007098        0xc CMakeFiles/main.dir/C_/Users/Yogaratchagan/backup/projects/pico/pico-sdk/lib/tinyusb/src/portable/raspberrypi/rp2040/dcd_rp2040.c.obj
 .rodata.__func__.0
                0x100070a4        0xe CMakeFiles/main.dir/C_/Users/Yogaratchagan/backup/projects/pico/pico-sdk/lib/tinyusb/src/portable/raspberrypi/rp2040/dcd_rp2040.c.obj
 *fill*         0x100070b2        0x2 
 .rodata.__func__.1
                0x100070b4        0xe CMakeFiles/main.dir/C_/Users/Yogaratchagan/backup/projects/pico/pico-sdk/lib/tinyusb/src/portable/raspberrypi/rp2040/dcd_rp2040.c.obj
 *fill*         0x100070c2        0x2 
 .rodata.__func__.3
                0x100070c4       0x10 CMakeFiles/main.dir/C_/Users/Yogaratchagan/backup/projects/pico/pico-sdk/lib/tinyusb/src/portable/raspberrypi/rp2040/dcd_rp2040.c.obj
 .rodata.__func__.5
                0x100070d4        0xf CMakeFiles/main.dir/C_/Users/Yogaratchagan/backup/projects/pico/pico-sdk/lib/tinyusb/src/portable/raspberrypi/rp2040/dcd_rp2040.c.obj
 *fill*         0x100070e3        0x1 
 .rodata.__func__.6
                0x100070e4       0x13 CMakeFiles/main.dir/C_/Users/Yogaratchagan/backup/projects/pico/pico-sdk/lib/tinyusb/src/portable/raspberrypi/rp2040/dcd_rp2040.c.obj
 *fill*         0x100070f7        0x1 
 .rodata.__func__.7
                0x100070f8        0x9 CMakeFiles/main.dir/C_/Users/Yogaratchagan/backup/projects/pico/pico-sdk/lib/tinyusb/src/portable/raspberrypi/rp2040/dcd_rp2040.c.obj
 *fill*         0x10007101        0x3 
 .rodata.str1.4
                0x10007104      0x103 CMakeFiles/main.dir/C_/Users/Yogaratchagan/backup/projects/pico/pico-sdk/lib/tinyusb/src/portable/raspberrypi/rp2040/rp2040_usb.c.obj
 *fill*         0x10007207        0x1 
 .rodata.__func__.0
                0x10007208        0xf CMakeFiles/main.dir/C_/Users/Yogaratchagan/backup/projects/pico/pico-sdk/lib/tinyusb/src/portable/raspberrypi/rp2040/rp2040_usb.c.obj
 *fill*         0x10007217        0x1 
 .rodata.process_get_descriptor
                0x10007218       0x40 CMakeFiles/main.dir/C_/Users/Yogaratchagan/backup/projects/pico/pico-sdk/lib/tinyusb/src/device/usbd.c.obj
 .rodata.process_control_request
                0x10007258       0x28 CMakeFiles/main.dir/C_/Users/Yogaratchagan/backup/projects/pico/pico-sdk/lib/tinyusb/src/device/usbd.c.obj
 .rodata.tud_task_ext
                0x10007280       0x24 CMakeFiles/main.dir/C_/Users/Yogaratchagan/backup/projects/pico/pico-sdk/lib/tinyusb/src/device/usbd.c.obj
 .rodata._usbd_driver
                0x100072a4       0x30 CMakeFiles/main.dir/C_/Users/Yogaratchagan/backup/projects/pico/pico-sdk/lib/tinyusb/src/device/usbd.c.obj
 .rodata.pll_init.str1.4
                0x100072d4      0x12c CMakeFiles/main.dir/C_/Users/Yogaratchagan/backup/projects/pico/pico-sdk/src/rp2_common/hardware_pll/pll.c.obj
 .rodata.__func__.0
                0x10007400        0x9 CMakeFiles/main.dir/C_/Users/Yogaratchagan/backup/projects/pico/pico-sdk/src/rp2_common/hardware_pll/pll.c.obj
 *fill*         0x10007409        0x3 
 .rodata.__aeabi_double_init.str1.4
                0x1000740c       0xad CMakeFiles/main.dir/C_/Users/Yogaratchagan/backup/projects/pico/pico-sdk/src/rp2_common/pico_double/double_init_rom_rp2040.c.obj
 *fill*         0x100074b9        0x3 
 .rodata.__func__.0
                0x100074bc       0x14 CMakeFiles/main.dir/C_/Users/Yogaratchagan/backup/projects/pico/pico-sdk/src/rp2_common/pico_double/double_init_rom_rp2040.c.obj
 .rodata.__aeabi_float_init.str1.4
                0x100074d0       0x9b CMakeFiles/main.dir/C_/Users/Yogaratchagan/backup/projects/pico/pico-sdk/src/rp2_common/pico_float/float_init_rom_rp2040.c.obj
                                 0x9f (size before relaxing)
 *fill*         0x1000756b        0x1 
 .rodata.__func__.0
                0x1000756c       0x13 CMakeFiles/main.dir/C_/Users/Yogaratchagan/backup/projects/pico/pico-sdk/src/rp2_common/pico_float/float_init_rom_rp2040.c.obj
 *fill*         0x1000757f        0x1 
 .rodata.str1.4
                0x10007580       0x3c CMakeFiles/main.dir/C_/Users/Yogaratchagan/backup/projects/pico/pico-sdk/src/rp2_common/pico_standard_binary_info/standard_binary_info.c.obj
 .rodata.__bi_26
                0x100075bc        0xc CMakeFiles/main.dir/C_/Users/Yogaratchagan/backup/projects/pico/pico-sdk/src/rp2_common/pico_standard_binary_info/standard_binary_info.c.obj
 .rodata.__bi_34
                0x100075c8        0xc CMakeFiles/main.dir/C_/Users/Yogaratchagan/backup/projects/pico/pico-sdk/src/rp2_common/pico_standard_binary_info/standard_binary_info.c.obj
 .rodata.__bi_42
                0x100075d4        0xc CMakeFiles/main.dir/C_/Users/Yogaratchagan/backup/projects/pico/pico-sdk/src/rp2_common/pico_standard_binary_info/standard_binary_info.c.obj
 .rodata.__bi_48
                0x100075e0        0xc CMakeFiles/main.dir/C_/Users/Yogaratchagan/backup/projects/pico/pico-sdk/src/rp2_common/pico_standard_binary_info/standard_binary_info.c.obj
 .rodata.__bi_54
                0x100075ec        0xc CMakeFiles/main.dir/C_/Users/Yogaratchagan/backup/projects/pico/pico-sdk/src/rp2_common/pico_standard_binary_info/standard_binary_info.c.obj
 .rodata.__bi_78
                0x100075f8        0xc CMakeFiles/main.dir/C_/Users/Yogaratchagan/backup/projects/pico/pico-sdk/src/rp2_common/pico_standard_binary_info/standard_binary_info.c.obj
 .rodata.__bi_84
                0x10007604        0xc CMakeFiles/main.dir/C_/Users/Yogaratchagan/backup/projects/pico/pico-sdk/src/rp2_common/pico_standard_binary_info/standard_binary_info.c.obj
 .rodata.__assert_func.str1.4
                0x10007610       0x3f CMakeFiles/main.dir/C_/Users/Yogaratchagan/backup/projects/pico/pico-sdk/src/rp2_common/pico_clib_interface/newlib_interface.c.obj
                                 0x43 (size before relaxing)
                0x10007650                . = ALIGN (0x4)
 *fill*         0x1000764f        0x1 
 *(SORT_BY_ALIGNMENT(SORT_BY_NAME(.flashdata*)))
                0x10007650                . = ALIGN (0x4)

.ARM.extab
 *(.ARM.extab* .gnu.linkonce.armextab.*)
                0x10007650                __exidx_start = .

.ARM.exidx
 *(.ARM.exidx* .gnu.linkonce.armexidx.*)
                0x10007650                __exidx_end = .
                0x10007650                . = ALIGN (0x4)
                0x10007650                __binary_info_start = .

.binary_info    0x10007650       0x20
 *(.binary_info.keep.*)
 .binary_info.keep.__bi_ptr26
                0x10007650        0x4 CMakeFiles/main.dir/C_/Users/Yogaratchagan/backup/projects/pico/pico-sdk/src/rp2_common/pico_standard_binary_info/standard_binary_info.c.obj
 .binary_info.keep.__bi_ptr34
                0x10007654        0x4 CMakeFiles/main.dir/C_/Users/Yogaratchagan/backup/projects/pico/pico-sdk/src/rp2_common/pico_standard_binary_info/standard_binary_info.c.obj
 .binary_info.keep.__bi_ptr42
                0x10007658        0x4 CMakeFiles/main.dir/C_/Users/Yogaratchagan/backup/projects/pico/pico-sdk/src/rp2_common/pico_standard_binary_info/standard_binary_info.c.obj
 .binary_info.keep.__bi_ptr48
                0x1000765c        0x4 CMakeFiles/main.dir/C_/Users/Yogaratchagan/backup/projects/pico/pico-sdk/src/rp2_common/pico_standard_binary_info/standard_binary_info.c.obj
 .binary_info.keep.__bi_ptr54
                0x10007660        0x4 CMakeFiles/main.dir/C_/Users/Yogaratchagan/backup/projects/pico/pico-sdk/src/rp2_common/pico_standard_binary_info/standard_binary_info.c.obj
 .binary_info.keep.__bi_ptr78
                0x10007664        0x4 CMakeFiles/main.dir/C_/Users/Yogaratchagan/backup/projects/pico/pico-sdk/src/rp2_common/pico_standard_binary_info/standard_binary_info.c.obj
 .binary_info.keep.__bi_ptr84
                0x10007668        0x4 CMakeFiles/main.dir/C_/Users/Yogaratchagan/backup/projects/pico/pico-sdk/src/rp2_common/pico_standard_binary_info/standard_binary_info.c.obj
 *(.binary_info.*)
 .binary_info.__bi_ptr202
                0x1000766c        0x4 CMakeFiles/main.dir/C_/Users/Yogaratchagan/backup/projects/pico/pico-sdk/src/rp2_common/pico_stdio_usb/stdio_usb.c.obj
                0x10007670                __binary_info_end = .
                0x10007670                . = ALIGN (0x4)

.ram_vector_table
                0x20000000       0xc0
 *(.ram_vector_table)
 .ram_vector_table
                0x20000000       0xc0 CMakeFiles/main.dir/C_/Users/Yogaratchagan/backup/projects/pico/pico-sdk/src/rp2_common/pico_runtime_init/runtime_init.c.obj
                0x20000000                ram_vector_table

.uninitialized_data
                0x200000c0        0x0
                0x200000c0                . = ALIGN (0x4)
 *(.uninitialized_data*)

.data           0x200000c0      0xbd8 load address 0x10007670
                0x200000c0                __data_start__ = .
 *(vtable)
 *(.time_critical*)
 .time_critical.mutex_try_enter
                0x200000c0       0x46 CMakeFiles/main.dir/C_/Users/Yogaratchagan/backup/projects/pico/pico-sdk/src/common/pico_sync/mutex.c.obj
                0x200000c0                mutex_try_enter
 *fill*         0x20000106        0x2 
 .time_critical.mutex_enter_block_until
                0x20000108       0x8c CMakeFiles/main.dir/C_/Users/Yogaratchagan/backup/projects/pico/pico-sdk/src/common/pico_sync/mutex.c.obj
                0x20000108                mutex_enter_block_until
 .time_critical.mutex_try_enter_block_until
                0x20000194       0x34 CMakeFiles/main.dir/C_/Users/Yogaratchagan/backup/projects/pico/pico-sdk/src/common/pico_sync/mutex.c.obj
                0x20000194                mutex_try_enter_block_until
 .time_critical.mutex_enter_timeout_ms
                0x200001c8       0x3c CMakeFiles/main.dir/C_/Users/Yogaratchagan/backup/projects/pico/pico-sdk/src/common/pico_sync/mutex.c.obj
                0x200001c8                mutex_enter_timeout_ms
 .time_critical.mutex_exit
                0x20000204       0x4c CMakeFiles/main.dir/C_/Users/Yogaratchagan/backup/projects/pico/pico-sdk/src/common/pico_sync/mutex.c.obj
                0x20000204                mutex_exit
 .time_critical.flash_init_boot2_copyout
                0x20000250       0x30 CMakeFiles/main.dir/C_/Users/Yogaratchagan/backup/projects/pico/pico-sdk/src/rp2_common/hardware_flash/flash.c.obj
 .time_critical.flash_enable_xip_via_boot2
                0x20000280       0x10 CMakeFiles/main.dir/C_/Users/Yogaratchagan/backup/projects/pico/pico-sdk/src/rp2_common/hardware_flash/flash.c.obj
 .time_critical.flash_save_hardware_state
                0x20000290       0x1c CMakeFiles/main.dir/C_/Users/Yogaratchagan/backup/projects/pico/pico-sdk/src/rp2_common/hardware_flash/flash.c.obj
 .time_critical.flash_restore_hardware_state
                0x200002ac       0x20 CMakeFiles/main.dir/C_/Users/Yogaratchagan/backup/projects/pico/pico-sdk/src/rp2_common/hardware_flash/flash.c.obj
 .time_critical.flash_cs_force
                0x200002cc       0x28 CMakeFiles/main.dir/C_/Users/Yogaratchagan/backup/projects/pico/pico-sdk/src/rp2_common/hardware_flash/flash.c.obj
 .time_critical.flash_do_cmd
                0x200002f4       0xec CMakeFiles/main.dir/C_/Users/Yogaratchagan/backup/projects/pico/pico-sdk/src/rp2_common/hardware_flash/flash.c.obj
                0x200002f4                flash_do_cmd
 .time_critical.reset_non_control_endpoints
                0x200003e0       0x40 CMakeFiles/main.dir/C_/Users/Yogaratchagan/backup/projects/pico/pico-sdk/lib/tinyusb/src/portable/raspberrypi/rp2040/dcd_rp2040.c.obj
 .time_critical.hw_handle_buff_status
                0x20000420       0xa4 CMakeFiles/main.dir/C_/Users/Yogaratchagan/backup/projects/pico/pico-sdk/lib/tinyusb/src/portable/raspberrypi/rp2040/dcd_rp2040.c.obj
 .time_critical.dcd_rp2040_irq
                0x200004c4      0x1cc CMakeFiles/main.dir/C_/Users/Yogaratchagan/backup/projects/pico/pico-sdk/lib/tinyusb/src/portable/raspberrypi/rp2040/dcd_rp2040.c.obj
 .time_critical.e15_is_bulkin_ep
                0x20000690       0x2c CMakeFiles/main.dir/C_/Users/Yogaratchagan/backup/projects/pico/pico-sdk/lib/tinyusb/src/portable/raspberrypi/rp2040/rp2040_usb.c.obj
 .time_critical.e15_is_critical_frame_period
                0x200006bc       0x30 CMakeFiles/main.dir/C_/Users/Yogaratchagan/backup/projects/pico/pico-sdk/lib/tinyusb/src/portable/raspberrypi/rp2040/rp2040_usb.c.obj
 .time_critical.prepare_ep_buffer
                0x200006ec       0x70 CMakeFiles/main.dir/C_/Users/Yogaratchagan/backup/projects/pico/pico-sdk/lib/tinyusb/src/portable/raspberrypi/rp2040/rp2040_usb.c.obj
 .time_critical.sync_ep_buffer
                0x2000075c       0x80 CMakeFiles/main.dir/C_/Users/Yogaratchagan/backup/projects/pico/pico-sdk/lib/tinyusb/src/portable/raspberrypi/rp2040/rp2040_usb.c.obj
 .time_critical._hw_endpoint_xfer_sync
                0x200007dc       0x28 CMakeFiles/main.dir/C_/Users/Yogaratchagan/backup/projects/pico/pico-sdk/lib/tinyusb/src/portable/raspberrypi/rp2040/rp2040_usb.c.obj
 .time_critical.hw_endpoint_reset_transfer
                0x20000804        0xc CMakeFiles/main.dir/C_/Users/Yogaratchagan/backup/projects/pico/pico-sdk/lib/tinyusb/src/portable/raspberrypi/rp2040/rp2040_usb.c.obj
                0x20000804                hw_endpoint_reset_transfer
 .time_critical._hw_endpoint_buffer_control_update32
                0x20000810       0x58 CMakeFiles/main.dir/C_/Users/Yogaratchagan/backup/projects/pico/pico-sdk/lib/tinyusb/src/portable/raspberrypi/rp2040/rp2040_usb.c.obj
                0x20000810                _hw_endpoint_buffer_control_update32
 .time_critical.hw_endpoint_start_next_buffer
                0x20000868       0x88 CMakeFiles/main.dir/C_/Users/Yogaratchagan/backup/projects/pico/pico-sdk/lib/tinyusb/src/portable/raspberrypi/rp2040/rp2040_usb.c.obj
                0x20000868                hw_endpoint_start_next_buffer
 .time_critical.hw_endpoint_xfer_continue
                0x200008f0       0x50 CMakeFiles/main.dir/C_/Users/Yogaratchagan/backup/projects/pico/pico-sdk/lib/tinyusb/src/portable/raspberrypi/rp2040/rp2040_usb.c.obj
                0x200008f0                hw_endpoint_xfer_continue
 .time_critical.tinyusb
                0x20000940      0x1ec CMakeFiles/main.dir/C_/Users/Yogaratchagan/backup/projects/pico/pico-sdk/lib/tinyusb/src/device/usbd.c.obj
                0x20000940                dcd_event_handler
 *(.text*)
 .text          0x20000b2c        0x4 c:/progra~2/gnuarm~1/102021~1.10/bin/../lib/gcc/arm-none-eabi/10.3.1/thumb/v6-m/nofp\libgcc.a(_dvmd_tls.o)
                0x20000b2c                __aeabi_idiv0
                0x20000b2c                __aeabi_ldiv0
 .text.__stub   0x20000b30       0x90 linker stubs
                0x20000bc0                . = ALIGN (0x4)
 *(.rodata*)
                0x20000bc0                . = ALIGN (0x4)
 *(.data*)
 .data.stdio_usb
                0x20000bc0       0x18 CMakeFiles/main.dir/C_/Users/Yogaratchagan/backup/projects/pico/pico-sdk/src/rp2_common/pico_stdio_usb/stdio_usb.c.obj
                0x20000bc0                stdio_usb
 .data.default_alarm_pool
                0x20000bd8       0x18 CMakeFiles/main.dir/C_/Users/Yogaratchagan/backup/projects/pico/pico-sdk/src/common/pico_time/time.c.obj
 .data.striped_spin_lock_num
                0x20000bf0        0x1 CMakeFiles/main.dir/C_/Users/Yogaratchagan/backup/projects/pico/pico-sdk/src/rp2_common/hardware_sync/sync.c.obj
 *fill*         0x20000bf1        0x3 
 .data          0x20000bf4       0x48 CMakeFiles/main.dir/C_/Users/Yogaratchagan/backup/projects/pico/pico-sdk/src/rp2_common/hardware_irq/irq_handler_chain.S.obj
                0x20000bf4                irq_handler_chain_slots
                0x20000c24                irq_handler_chain_first_slot
                0x20000c2e                irq_handler_chain_remove_tail
 .data.ep_dir_string
                0x20000c3c        0x8 CMakeFiles/main.dir/C_/Users/Yogaratchagan/backup/projects/pico/pico-sdk/lib/tinyusb/src/portable/raspberrypi/rp2040/rp2040_usb.c.obj
                0x20000c3c                ep_dir_string
 .data._usbd_qdef
                0x20000c44       0x1c CMakeFiles/main.dir/C_/Users/Yogaratchagan/backup/projects/pico/pico-sdk/lib/tinyusb/src/device/usbd.c.obj
                0x20000c44                _usbd_qdef
 .data._usbd_rhport
                0x20000c60        0x1 CMakeFiles/main.dir/C_/Users/Yogaratchagan/backup/projects/pico/pico-sdk/lib/tinyusb/src/device/usbd.c.obj
 *fill*         0x20000c61        0xf 
 .data.aeabi_bits_funcs
                0x20000c70       0x10 CMakeFiles/main.dir/C_/Users/Yogaratchagan/backup/projects/pico/pico-sdk/src/rp2_common/pico_bit_ops/bit_ops_aeabi.S.obj
                0x20000c70                aeabi_bits_funcs
                0x20000c80                aeabi_bits_funcs_end
 .data.aeabi_mem_funcs
                0x20000c80       0x10 CMakeFiles/main.dir/C_/Users/Yogaratchagan/backup/projects/pico/pico-sdk/src/rp2_common/pico_mem_ops/mem_ops_aeabi.S.obj